Archive member included because of file (symbol)

C:/SiliconLabs/SiliconLabsRAIL/1.2.0.0-GA//autogen/librail_release/\librail_efr32_gcc_release.a(pa.o)
                              ./hal-efr32/hal_efr.o (RADIO_PA_Init)
C:/SiliconLabs/SiliconLabsRAIL/1.2.0.0-GA//autogen/librail_release/\librail_efr32_gcc_release.a(pti.o)
                              ./hal-efr32/hal_efr.o (RADIO_PTI_Init)
C:/SiliconLabs/SiliconLabsRAIL/1.2.0.0-GA//autogen/librail_release/\librail_efr32_gcc_release.a(radio.o)
                              C:/SiliconLabs/SiliconLabsRAIL/1.2.0.0-GA//autogen/librail_release/\librail_efr32_gcc_release.a(pa.o) (RADIO_CLKEnable)
C:/SiliconLabs/SiliconLabsRAIL/1.2.0.0-GA//autogen/librail_release/\librail_efr32_gcc_release.a(rf_test.o)
                              C:/SiliconLabs/SiliconLabsRAIL/1.2.0.0-GA//autogen/librail_release/\librail_efr32_gcc_release.a(radio.o) (RFTEST_BerEmptyBufcAndUpdateStats)
C:/SiliconLabs/SiliconLabsRAIL/1.2.0.0-GA//autogen/librail_release/\librail_efr32_gcc_release.a(synth.o)
                              C:/SiliconLabs/SiliconLabsRAIL/1.2.0.0-GA//autogen/librail_release/\librail_efr32_gcc_release.a(pa.o) (SYNTH_Is2p4GHz)
C:/SiliconLabs/SiliconLabsRAIL/1.2.0.0-GA//autogen/librail_release/\librail_efr32_gcc_release.a(radio_cmu.o)
                              C:/SiliconLabs/SiliconLabsRAIL/1.2.0.0-GA//autogen/librail_release/\librail_efr32_gcc_release.a(pti.o) (RADIOCMU_ClockEnable)
C:/SiliconLabs/SiliconLabsRAIL/1.2.0.0-GA//autogen/librail_release/\librail_efr32_gcc_release.a(phy.o)
                              ./rangeTest.o (RAIL_RadioConfig)
C:/SiliconLabs/SiliconLabsRAIL/1.2.0.0-GA//autogen/librail_release/\librail_efr32_gcc_release.a(rail_rf.o)
                              ./rangeTest.o (RAIL_RfInit)
C:/SiliconLabs/SiliconLabsRAIL/1.2.0.0-GA//autogen/librail_release/\librail_efr32_gcc_release.a(rail_rx.o)
                              ./rangeTest.o (RAIL_RxConfig)
C:/SiliconLabs/SiliconLabsRAIL/1.2.0.0-GA//autogen/librail_release/\librail_efr32_gcc_release.a(rail_tx.o)
                              ./rangeTest.o (RAIL_TxDataLoad)
C:/SiliconLabs/SiliconLabsRAIL/1.2.0.0-GA//autogen/librail_release/\librail_efr32_gcc_release.a(rail_calibration.o)
                              C:/SiliconLabs/SiliconLabsRAIL/1.2.0.0-GA//autogen/librail_release/\librail_efr32_gcc_release.a(rail_rf.o) (RAIL_RfHalCalibrationInit)
C:/SiliconLabs/SiliconLabsRAIL/1.2.0.0-GA//autogen/librail_release/\librail_efr32_gcc_release.a(ir_cal.o)
                              C:/SiliconLabs/SiliconLabsRAIL/1.2.0.0-GA//autogen/librail_release/\librail_efr32_gcc_release.a(rail_calibration.o) (IRCAL_Init)
C:/SiliconLabs/SiliconLabsRAIL/1.2.0.0-GA//autogen/librail_release/\librail_efr32_gcc_release.a(protimer.o)
                              C:/SiliconLabs/SiliconLabsRAIL/1.2.0.0-GA//autogen/librail_release/\librail_efr32_gcc_release.a(phy.o) (PROTIMER_GetTime)
C:/SiliconLabs/SiliconLabsRAIL/1.2.0.0-GA//autogen/librail_release/\librail_efr32_gcc_release.a(phy_utils.o)
                              C:/SiliconLabs/SiliconLabsRAIL/1.2.0.0-GA//autogen/librail_release/\librail_efr32_gcc_release.a(radio.o) (PHY_UTILS_DelayUs)
C:/SiliconLabs/SiliconLabsRAIL/1.2.0.0-GA//autogen/librail_release/\librail_efr32_gcc_release.a(rf_rand.o)
                              C:/SiliconLabs/SiliconLabsRAIL/1.2.0.0-GA//autogen/librail_release/\librail_efr32_gcc_release.a(phy.o) (RFRAND_GetRadioEntropy)
C:/SiliconLabs/SiliconLabsRAIL/1.2.0.0-GA//autogen/librail_release/\librail_efr32_gcc_release.a(generic_phy.o)
                              C:/SiliconLabs/SiliconLabsRAIL/1.2.0.0-GA//autogen/librail_release/\librail_efr32_gcc_release.a(phy.o) (GENERIC_PHY_ChannelSet)
C:/SiliconLabs/SiliconLabsRAIL/1.2.0.0-GA//autogen/librail_release/\librail_efr32_gcc_release.a(generic_seq.o)
                              C:/SiliconLabs/SiliconLabsRAIL/1.2.0.0-GA//autogen/librail_release/\librail_efr32_gcc_release.a(generic_phy.o) (genericSeqProg_size)
C:/SiliconLabs/SiliconLabsRAIL/1.2.0.0-GA//autogen/librail_release/\librail_efr32_gcc_release.a(rail_rf_hal.o)
                              C:/SiliconLabs/SiliconLabsRAIL/1.2.0.0-GA//autogen/librail_release/\librail_efr32_gcc_release.a(rail_rf.o) (RAIL_RfHalInit)
C:/SiliconLabs/SiliconLabsRAIL/1.2.0.0-GA//autogen/librail_release/\librail_efr32_gcc_release.a(aux_pll.o)
                              C:/SiliconLabs/SiliconLabsRAIL/1.2.0.0-GA//autogen/librail_release/\librail_efr32_gcc_release.a(ir_cal.o) (AUXPLL_Stop)
C:/SiliconLabs/SiliconLabsRAIL/1.2.0.0-GA//autogen/librail_release/\librail_efr32_gcc_release.a(rfsense.o)
                              C:/SiliconLabs/SiliconLabsRAIL/1.2.0.0-GA//autogen/librail_release/\librail_efr32_gcc_release.a(rail_rf_hal.o) (RFSENSE_Sensed)
C:/SiliconLabs/SiliconLabsRAIL/1.2.0.0-GA//autogen/librail_release/\librail_efr32_gcc_release.a(tempcal.o)
[...]
Memory Configuration

Name             Origin             Length             Attributes
FLASH            0x00000000         0x00040000         xr
RAM              0x20000000         0x00008000         xrw
*default*        0x00000000         0xffffffff

Linker script and memory map

LOAD c:/siliconlabs/simplicitystudio/v3/developer/toolchains/gnu_arm/4.8_2013q4/bin/../lib/gcc/arm-none-eabi/4.8.3/armv7e-m/softfp/crti.o
LOAD c:/siliconlabs/simplicitystudio/v3/developer/toolchains/gnu_arm/4.8_2013q4/bin/../lib/gcc/arm-none-eabi/4.8.3/armv7e-m/softfp/crtbegin.o
LOAD c:/siliconlabs/simplicitystudio/v3/developer/toolchains/gnu_arm/4.8_2013q4/bin/../lib/gcc/arm-none-eabi/4.8.3/../../../../arm-none-eabi/lib/armv7e-m/softfp/crt0.o
LOAD ./graphics.o
LOAD ./menu.o
LOAD ./pushButton.o
LOAD ./rail-callback-stubs.o
LOAD ./rail-callbacks.o
LOAD ./rail_config.o
LOAD ./rangeTest.o
LOAD ./rangetestconfig.o
LOAD ./seq.o
LOAD ./response-printf/response_print.o
LOAD ./rangetest-base/bsp_bcc.o
LOAD ./rangetest-base/bsp_stk.o
LOAD ./rangetest-base/bsp_stk_leds.o
LOAD ./rangetest-base/display.o
LOAD ./rangetest-base/displayls013b7dh03.o
LOAD ./rangetest-base/displaypalemlib.o
LOAD ./rangetest-base/dmactrl.o
LOAD ./rangetest-base/dmadrv.o
LOAD ./rangetest-base/dmd_display.o
LOAD ./rangetest-base/glib.o
LOAD ./rangetest-base/glib_bitmap.o
LOAD ./rangetest-base/glib_font_narrow_6x8.o
LOAD ./rangetest-base/glib_font_normal_8x8.o
LOAD ./rangetest-base/glib_line.o
LOAD ./rangetest-base/glib_rectangle.o
LOAD ./rangetest-base/glib_string.o
LOAD ./rangetest-base/uartdrv.o
LOAD ./rangetest-base/udelay.o
LOAD ./hal-efr32/bsp_trace.o
LOAD ./hal-efr32/em_assert.o
LOAD ./hal-efr32/em_cmu.o
LOAD ./hal-efr32/em_emu.o
LOAD ./hal-efr32/em_gpio.o
LOAD ./hal-efr32/em_int.o
LOAD ./hal-efr32/em_ldma.o
LOAD ./hal-efr32/em_leuart.o
LOAD ./hal-efr32/em_rmu.o
LOAD ./hal-efr32/em_rtc.o
LOAD ./hal-efr32/em_rtcc.o
LOAD ./hal-efr32/em_system.o
LOAD ./hal-efr32/em_timer.o
LOAD ./hal-efr32/em_usart.o
LOAD ./hal-efr32/gpiointerrupt.o
LOAD ./hal-efr32/hal_common.o
LOAD ./hal-efr32/hal_efr.o
LOAD ./hal-efr32/retargetio.o
LOAD ./hal-efr32/retargetserial.o
LOAD ./hal-efr32/rtcdriver.o
LOAD ./hal-efr32/ustimer.o
LOAD ./command-interpreter/command_interpreter.o
LOAD ./buffer-pool-memory-manager/buffer_pool_allocator.o
LOAD ./buffer-pool-memory-manager/rail_integration.o
LOAD ./CMSIS/efr32fg1p/startup_efr32fg1p.o
LOAD ./CMSIS/efr32fg1p/system_efr32fg1p.o
LOAD C:/SiliconLabs/SiliconLabsRAIL/1.2.0.0-GA//autogen/librail_release/\librail_efr32_gcc_release.a
START GROUP
LOAD c:/siliconlabs/simplicitystudio/v3/developer/toolchains/gnu_arm/4.8_2013q4/bin/../lib/gcc/arm-none-eabi/4.8.3/armv7e-m/softfp\libgcc.a
LOAD c:/siliconlabs/simplicitystudio/v3/developer/toolchains/gnu_arm/4.8_2013q4/bin/../lib/gcc/arm-none-eabi/4.8.3/../../../../arm-none-eabi/lib/armv7e-m/softfp\libc_s.a
LOAD c:/siliconlabs/simplicitystudio/v3/developer/toolchains/gnu_arm/4.8_2013q4/bin/../lib/gcc/arm-none-eabi/4.8.3/../../../../arm-none-eabi/lib/armv7e-m/softfp\libnosys.a
END GROUP
START GROUP
LOAD c:/siliconlabs/simplicitystudio/v3/developer/toolchains/gnu_arm/4.8_2013q4/bin/../lib/gcc/arm-none-eabi/4.8.3/armv7e-m/softfp\libgcc.a
LOAD c:/siliconlabs/simplicitystudio/v3/developer/toolchains/gnu_arm/4.8_2013q4/bin/../lib/gcc/arm-none-eabi/4.8.3/../../../../arm-none-eabi/lib/armv7e-m/softfp\libg_s.a
LOAD c:/siliconlabs/simplicitystudio/v3/developer/toolchains/gnu_arm/4.8_2013q4/bin/../lib/gcc/arm-none-eabi/4.8.3/../../../../arm-none-eabi/lib/armv7e-m/softfp\libc_s.a
END GROUP
START GROUP
LOAD c:/siliconlabs/simplicitystudio/v3/developer/toolchains/gnu_arm/4.8_2013q4/bin/../lib/gcc/arm-none-eabi/4.8.3/armv7e-m/softfp\libgcc.a
LOAD c:/siliconlabs/simplicitystudio/v3/developer/toolchains/gnu_arm/4.8_2013q4/bin/../lib/gcc/arm-none-eabi/4.8.3/../../../../arm-none-eabi/lib/armv7e-m/softfp\libc_s.a
END GROUP
LOAD c:/siliconlabs/simplicitystudio/v3/developer/toolchains/gnu_arm/4.8_2013q4/bin/../lib/gcc/arm-none-eabi/4.8.3/armv7e-m/softfp/crtend.o
LOAD c:/siliconlabs/simplicitystudio/v3/developer/toolchains/gnu_arm/4.8_2013q4/bin/../lib/gcc/arm-none-eabi/4.8.3/armv7e-m/softfp/crtn.o
                0x20008000                __top_RAM = 0x20008000

.text           0x00000000     0xd6d4
 *(.vectors)
 .vectors       0x00000000       0xc8 ./CMSIS/efr32fg1p/startup_efr32fg1p.o
                0x00000000                __Vectors
                0x000000c8                __Vectors_End = .
                0x000000c8                __Vectors_Size = (__Vectors_End - __Vectors)
                0x000000c8                __end__ = .
 *(.text*)
 .text          0x000000c8       0x54 c:/siliconlabs/simplicitystudio/v3/developer/toolchains/gnu_arm/4.8_2013q4/bin/../lib/gcc/arm-none-eabi/4.8.3/armv7e-m/softfp/crtbegin.o
 .text          0x0000011c       0x74 c:/siliconlabs/simplicitystudio/v3/developer/toolchains/gnu_arm/4.8_2013q4/bin/../lib/gcc/arm-none-eabi/4.8.3/../../../../arm-none-eabi/lib/armv7e-m/softfp/crt0.o
                0x0000011c                _start
                0x0000011c                _mainCRTStartup
 .text.GRAPHICS_Init
                0x00000190       0x28 ./graphics.o
                0x00000190                GRAPHICS_Init
 .text.GRAPHICS_DrawInitScreen
                0x000001b8      0x16c ./graphics.o
                0x000001b8                GRAPHICS_DrawInitScreen
 .text.GRAPHICS_DrawButtonIcon
                0x00000324      0x138 ./graphics.o
                0x00000324                GRAPHICS_DrawButtonIcon
 .text.GRAPHICS_DrawTitleText
                0x0000045c       0x90 ./graphics.o
                0x0000045c                GRAPHICS_DrawTitleText
 .text.GRAPHICS_DrawMenuItems
                0x000004ec       0x60 ./graphics.o
                0x000004ec                GRAPHICS_DrawMenuItems
 .text.GRAPHICS_DrawMenuFrame
                0x0000054c       0x90 ./graphics.o
                0x0000054c                GRAPHICS_DrawMenuFrame
 .text.GRAPHICS_RSSIClear
                0x000005dc       0x20 ./graphics.o
                0x000005dc                GRAPHICS_RSSIClear
 .text.GRAPHICS_RSSIAdd
                0x000005fc       0x20 ./graphics.o
                0x000005fc                GRAPHICS_RSSIAdd
 .text.GRAPHICS_RSSIGet
                0x0000061c       0x2c ./graphics.o
                0x0000061c                GRAPHICS_RSSIGet
 .text.GRAPHICS_DrawRSSIChart
                0x00000648       0x36 ./graphics.o
                0x00000648                GRAPHICS_DrawRSSIChart
 *fill*         0x0000067e        0x2 
 .text.GRAPHICS_DrawRSSIFrame
                0x00000680       0xd4 ./graphics.o
                0x00000680                GRAPHICS_DrawRSSIFrame
 .text.GRAPHICS_DrawConstInfo
                0x00000754      0x3e4 ./graphics.o
                0x00000754                GRAPHICS_DrawConstInfo
 .text.GRAPHICS_DrawVarInfo
                0x00000b38      0x268 ./graphics.o
                0x00000b38                GRAPHICS_DrawVarInfo
 .text.GRAPHICS_DrawItemPointer
                0x00000da0       0x5e ./graphics.o
                0x00000da0                GRAPHICS_DrawItemPointer
 *fill*         0x00000dfe        0x2 
 .text.GRAPHICS_DrawMenu
                0x00000e00       0x70 ./graphics.o
                0x00000e00                GRAPHICS_DrawMenu
 .text.GRAPHICS_DrawRX
                0x00000e70       0x9c ./graphics.o
                0x00000e70                GRAPHICS_DrawRX
 .text.GRAPHICS_DrawTX
                0x00000f0c       0x88 ./graphics.o
                0x00000f0c                GRAPHICS_DrawTX
 .text.GRAPHICS_DrawTRX
                0x00000f94      0x104 ./graphics.o
                0x00000f94                GRAPHICS_DrawTRX
 .text.GRAPHICS_DrawDemo
                0x00001098       0x24 ./graphics.o
                0x00001098                GRAPHICS_DrawDemo
 .text.menuSetRFMode
                0x000010bc       0x28 ./menu.o
                0x000010bc                menuSetRFMode
 .text.menuSetIDDest
                0x000010e4       0x28 ./menu.o
                0x000010e4                menuSetIDDest
 .text.menuSetIDSrc
                0x0000110c       0x28 ./menu.o
                0x0000110c                menuSetIDSrc
 .text.menuSetPktsNum
                0x00001134       0x30 ./menu.o
                0x00001134                menuSetPktsNum
 .text.menuSetPktsLen
                0x00001164       0x28 ./menu.o
                0x00001164                menuSetPktsLen
 .text.menuSetLogMode
                0x0000118c       0x20 ./menu.o
                0x0000118c                menuSetLogMode
 .text.menuSetRFModulation
                0x000011ac        0x4 ./menu.o
                0x000011ac                menuSetRFModulation
 .text.menuSetRFFrequency
                0x000011b0        0x4 ./menu.o
                0x000011b0                menuSetRFFrequency
 .text.menuSetRFDataRate
                0x000011b4        0x4 ./menu.o
                0x000011b4                menuSetRFDataRate
 .text.menuSetModDevRXBW
                0x000011b8        0x4 ./menu.o
                0x000011b8                menuSetModDevRXBW
 .text.menuSetChannel
                0x000011bc       0x30 ./menu.o
                0x000011bc                menuSetChannel
 .text.menuShowInfoDisplay
                0x000011ec       0x10 ./menu.o
                0x000011ec                menuShowInfoDisplay
 .text.menuRunDemoDisplay
                0x000011fc       0x10 ./menu.o
                0x000011fc                menuRunDemoDisplay
 .text.menuShowInfo
                0x0000120c        0xc ./menu.o
                0x0000120c                menuShowInfo
 .text.menuSetMAWindow
                0x00001218       0x2c ./menu.o
                0x00001218                menuSetMAWindow
 .text.menuRunDemo
                0x00001244       0x38 ./menu.o
                0x00001244                menuRunDemo
 .text.menuSetRFPA
                0x0000127c       0x38 ./menu.o
                0x0000127c                menuSetRFPA
 .text.menuIsLastItem
                0x000012b4       0x18 ./menu.o
                0x000012b4                menuIsLastItem
 .text.menuPrintAligned
                0x000012cc       0x4c ./menu.o
                0x000012cc                menuPrintAligned
 .text.menuPrint
                0x00001318        0x6 ./menu.o
                0x00001318                menuPrint
 *fill*         0x0000131e        0x2 
 .text.menuSetRFModeDisplay
                0x00001320       0x44 ./menu.o
                0x00001320                menuSetRFModeDisplay
 .text.menuSetRFModulationDisplay
                0x00001364       0x1c ./menu.o
                0x00001364                menuSetRFModulationDisplay
 .text.menuSetRFFrequencyDisplay
                0x00001380       0x58 ./menu.o
                0x00001380                menuSetRFFrequencyDisplay
 .text.menuSetRFDataRateDisplay
                0x000013d8       0x1c ./menu.o
                0x000013d8                menuSetRFDataRateDisplay
 .text.menuSetModDevRXBWDisplay
                0x000013f4       0x1c ./menu.o
                0x000013f4                menuSetModDevRXBWDisplay
 .text.menuSetRFPADisplay
                0x00001410       0x64 ./menu.o
                0x00001410                menuSetRFPADisplay
 .text.menuSetChannelDisplay
                0x00001474       0x30 ./menu.o
                0x00001474                menuSetChannelDisplay
 .text.menuSetPktsNumDisplay
                0x000014a4       0x50 ./menu.o
                0x000014a4                menuSetPktsNumDisplay
 .text.menuSetPktsLenDisplay
                0x000014f4       0x30 ./menu.o
                0x000014f4                menuSetPktsLenDisplay
 .text.menuSetIDDestDisplay
                0x00001524       0x30 ./menu.o
                0x00001524                menuSetIDDestDisplay
 .text.menuSetIDSrcDisplay
                0x00001554       0x30 ./menu.o
                0x00001554                menuSetIDSrcDisplay
 .text.menuSetMAWindowDisplay
                0x00001584       0x30 ./menu.o
                0x00001584                menuSetMAWindowDisplay
 .text.menuSetLogModeDisplay
                0x000015b4       0x34 ./menu.o
                0x000015b4                menuSetLogModeDisplay
 .text.menuInit
                0x000015e8       0x20 ./menu.o
                0x000015e8                menuInit
 .text.menuItemStr
                0x00001608       0x1c ./menu.o
                0x00001608                menuItemStr
 .text.menuItemIcon
                0x00001624       0x14 ./menu.o
                0x00001624                menuItemIcon
 .text.menuGetActIdx
                0x00001638        0xc ./menu.o
                0x00001638                menuGetActIdx
 .text.menuGetDispStartIdx
                0x00001644        0xc ./menu.o
                0x00001644                menuGetDispStartIdx
 .text.initHandleInput
                0x00001650       0x34 ./menu.o
                0x00001650                initHandleInput
 .text.menuHandleInput
                0x00001684       0x78 ./menu.o
                0x00001684                menuHandleInput
 .text.runTRXHandleInput
                0x000016fc       0x44 ./menu.o
                0x000016fc                runTRXHandleInput
 .text.pbInit   0x00001740       0x1c ./pushButton.o
                0x00001740                pbInit
 .text.RepeatCallbackRegister
                0x0000175c       0x14 ./rangeTest.o
                0x0000175c                RepeatCallbackRegister
 .text.RAILCb_RfReady
                0x00001770        0x2 ./rangeTest.o
                0x00001770                RAILCb_RfReady
 .text.RAILCb_TxRadioStatus
                0x00001772        0x2 ./rangeTest.o
                0x00001772                RAILCb_TxRadioStatus
 .text.RAILCb_TxPacketSent
                0x00001774       0x20 ./rangeTest.o
                0x00001774                RAILCb_TxPacketSent
 .text.RAILCb_RxRadioStatus
                0x00001794       0x2c ./rangeTest.o
                0x00001794                RAILCb_RxRadioStatus
 .text.RAILCb_CalNeeded
                0x000017c0        0x2 ./rangeTest.o
                0x000017c0                RAILCb_CalNeeded
 .text.RAILCb_TimerExpired
                0x000017c2        0x2 ./rangeTest.o
                0x000017c2                RAILCb_TimerExpired
 .text.rangeTestGeneratePayload
                0x000017c4       0x1e ./rangeTest.o
                0x000017c4                rangeTestGeneratePayload
 *fill*         0x000017e2        0x2 
 .text.rangeTestCountBits
                0x000017e4       0x3c ./rangeTest.o
                0x000017e4                rangeTestCountBits
 .text.rangeTestMASet
                0x00001820       0x64 ./rangeTest.o
                0x00001820                rangeTestMASet
 .text.rangeTestMAClear
                0x00001884       0x3c ./rangeTest.o
                0x00001884                rangeTestMAClear
 .text.rangeTestMAClearAll
                0x000018c0       0x14 ./rangeTest.o
                0x000018c0                rangeTestMAClearAll
 .text.rangeTestMAGet
                0x000018d4       0x30 ./rangeTest.o
                0x000018d4                rangeTestMAGet
 .text.RAILCb_RxPacketReceived
                0x00001904      0x15c ./rangeTest.o
                0x00001904                RAILCb_RxPacketReceived
 .text.rangeTestInit
                0x00001a60       0x20 ./rangeTest.o
                0x00001a60                rangeTestInit
 .text.RAILCb_RadioStateChanged
                0x00001a80        0x2 ./rangeTest.o
                0x00001a80                RAILCb_RadioStateChanged
 *fill*         0x00001a82        0x2 
 .text.startup.main
                0x00001a84      0x168 ./rangeTest.o
                0x00001a84                main
 .text.runDemo  0x00001bec       0xe8 ./rangeTest.o
                0x00001bec                runDemo
 .text.seqInit  0x00001cd4       0x20 ./seq.o
                0x00001cd4                seqInit
 .text.seqSet   0x00001cf4       0x10 ./seq.o
                0x00001cf4                seqSet
 .text.BSP_BccPinsEnable.part.0
                0x00001d04       0x40 ./rangetest-base/bsp_bcc.o
 .text.BSP_BccInit
                0x00001d44       0x64 ./rangetest-base/bsp_bcc.o
                0x00001d44                BSP_BccInit
 .text.BSP_Init
                0x00001da8        0xe ./rangetest-base/bsp_stk.o
                0x00001da8                BSP_Init
 *fill*         0x00001db6        0x2 
 .text.DISPLAY_Init
                0x00001db8       0x2c ./rangetest-base/display.o
                0x00001db8                DISPLAY_Init
 .text.DISPLAY_DeviceGet
                0x00001de4       0x38 ./rangetest-base/display.o
                0x00001de4                DISPLAY_DeviceGet
 .text.DISPLAY_DeviceRegister
                0x00001e1c       0x44 ./rangetest-base/display.o
                0x00001e1c                DISPLAY_DeviceRegister
 .text.PixelMatrixAllocate
                0x00001e60       0x38 ./rangetest-base/displayls013b7dh03.o
 .text.PixelMatrixFree
                0x00001e98        0x8 ./rangetest-base/displayls013b7dh03.o
 .text.DriverRefresh
                0x00001ea0        0xe ./rangetest-base/displayls013b7dh03.o
 .text.PixelMatrixClear
                0x00001eae       0x20 ./rangetest-base/displayls013b7dh03.o
 .text.PixelMatrixDraw
                0x00001ece       0x7c ./rangetest-base/displayls013b7dh03.o
 .text.DisplayPolarityInverse
                0x00001f4a        0xe ./rangetest-base/displayls013b7dh03.o
 .text.DisplayEnable
                0x00001f58       0x18 ./rangetest-base/displayls013b7dh03.o
 .text.DISPLAY_Ls013b7dh03Init
                0x00001f70       0xec ./rangetest-base/displayls013b7dh03.o
                0x00001f70                DISPLAY_Ls013b7dh03Init
 .text.PAL_SpiInit
                0x0000205c       0x50 ./rangetest-base/displaypalemlib.o
                0x0000205c                PAL_SpiInit
 .text.PAL_SpiTransmit
                0x000020ac       0x3c ./rangetest-base/displaypalemlib.o
                0x000020ac                PAL_SpiTransmit
 .text.PAL_TimerInit
                0x000020e8        0xa ./rangetest-base/displaypalemlib.o
                0x000020e8                PAL_TimerInit
 .text.PAL_TimerMicroSecondsDelay
                0x000020f2        0xa ./rangetest-base/displaypalemlib.o
                0x000020f2                PAL_TimerMicroSecondsDelay
 .text.PAL_TimerRepeat
                0x000020fc       0x14 ./rangetest-base/displaypalemlib.o
                0x000020fc                PAL_TimerRepeat
 .text.PAL_GpioInit
                0x00002110       0x14 ./rangetest-base/displaypalemlib.o
                0x00002110                PAL_GpioInit
 .text.PAL_GpioPinModeSet
                0x00002124       0x1c ./rangetest-base/displaypalemlib.o
                0x00002124                PAL_GpioPinModeSet
 .text.PAL_GpioPinOutSet
                0x00002140       0x1c ./rangetest-base/displaypalemlib.o
                0x00002140                PAL_GpioPinOutSet
 .text.PAL_GpioPinOutClear
                0x0000215c       0x1c ./rangetest-base/displaypalemlib.o
                0x0000215c                PAL_GpioPinOutClear
 .text.PAL_GpioPinOutToggle
                0x00002178       0x1a ./rangetest-base/displaypalemlib.o
                0x00002178                PAL_GpioPinOutToggle
 *fill*         0x00002192        0x2 
 .text.INT_Disable
                0x00002194       0x18 ./rangetest-base/dmadrv.o
 .text.INT_Enable
                0x000021ac       0x14 ./rangetest-base/dmadrv.o
 .text.StartTransfer
                0x000021c0      0x1a4 ./rangetest-base/dmadrv.o
 .text.DMADRV_AllocateChannel
                0x00002364       0x58 ./rangetest-base/dmadrv.o
                0x00002364                DMADRV_AllocateChannel
 .text.DMADRV_Init
                0x000023bc       0x5c ./rangetest-base/dmadrv.o
                0x000023bc                DMADRV_Init
 .text.DMADRV_MemoryPeripheral
                0x00002418       0x36 ./rangetest-base/dmadrv.o
                0x00002418                DMADRV_MemoryPeripheral
 *fill*         0x0000244e        0x2 
 .text.DMADRV_PauseTransfer
                0x00002450       0x40 ./rangetest-base/dmadrv.o
                0x00002450                DMADRV_PauseTransfer
 .text.DMADRV_ResumeTransfer
                0x00002490       0x40 ./rangetest-base/dmadrv.o
                0x00002490                DMADRV_ResumeTransfer
 .text.DMADRV_TransferActive
                0x000024d0       0x54 ./rangetest-base/dmadrv.o
                0x000024d0                DMADRV_TransferActive
 .text.LDMA_IRQHandler
                0x00002524       0x68 ./rangetest-base/dmadrv.o
                0x00002524                LDMA_IRQHandler
 .text.DMD_getDisplayGeometry
                0x0000258c       0x1c ./rangetest-base/dmd_display.o
                0x0000258c                DMD_getDisplayGeometry
 .text.DMD_setClippingArea
                0x000025a8       0x40 ./rangetest-base/dmd_display.o
                0x000025a8                DMD_setClippingArea
 .text.DMD_writeData
                0x000025e8      0x174 ./rangetest-base/dmd_display.o
                0x000025e8                DMD_writeData
 .text.DMD_writeColor
                0x0000275c      0x164 ./rangetest-base/dmd_display.o
                0x0000275c                DMD_writeColor
 .text.DMD_allocateFramebuffer
                0x000028c0       0x38 ./rangetest-base/dmd_display.o
                0x000028c0                DMD_allocateFramebuffer
 .text.DMD_init
                0x000028f8       0x70 ./rangetest-base/dmd_display.o
                0x000028f8                DMD_init
 .text.DMD_updateDisplay
                0x00002968       0x9c ./rangetest-base/dmd_display.o
                0x00002968                DMD_updateDisplay
 .text.GLIB_setClippingRegion
                0x00002a04       0x64 ./rangetest-base/glib.o
                0x00002a04                GLIB_setClippingRegion
 .text.GLIB_contextInit
                0x00002a68       0x54 ./rangetest-base/glib.o
                0x00002a68                GLIB_contextInit
 .text.GLIB_resetDisplayClippingArea
                0x00002abc       0x14 ./rangetest-base/glib.o
                0x00002abc                GLIB_resetDisplayClippingArea
 .text.GLIB_clear
                0x00002ad0       0x32 ./rangetest-base/glib.o
                0x00002ad0                GLIB_clear
 .text.GLIB_colorTranslate24bpp
                0x00002b02        0xe ./rangetest-base/glib.o
                0x00002b02                GLIB_colorTranslate24bpp
 .text.GLIB_drawPixel
                0x00002b10       0x38 ./rangetest-base/glib.o
                0x00002b10                GLIB_drawPixel
 .text.GLIB_drawPixelColor
                0x00002b48       0x36 ./rangetest-base/glib.o
                0x00002b48                GLIB_drawPixelColor
 .text.GLIB_drawBitmap
                0x00002b7e       0x48 ./rangetest-base/glib_bitmap.o
                0x00002b7e                GLIB_drawBitmap
 .text.GLIB_drawLineH
                0x00002bc6       0x76 ./rangetest-base/glib_line.o
                0x00002bc6                GLIB_drawLineH
 .text.GLIB_drawLineV
                0x00002c3c       0x9e ./rangetest-base/glib_line.o
                0x00002c3c                GLIB_drawLineV
 .text.GLIB_rectContainsPoint
                0x00002cda       0x24 ./rangetest-base/glib_rectangle.o
                0x00002cda                GLIB_rectContainsPoint
 .text.GLIB_normalizeRect
                0x00002cfe       0x1a ./rangetest-base/glib_rectangle.o
                0x00002cfe                GLIB_normalizeRect
 .text.GLIB_drawRectFilled
                0x00002d18       0x9e ./rangetest-base/glib_rectangle.o
                0x00002d18                GLIB_drawRectFilled
 .text.GLIB_drawChar
                0x00002db6      0x136 ./rangetest-base/glib_string.o
                0x00002db6                GLIB_drawChar
 .text.GLIB_drawString
                0x00002eec       0x7c ./rangetest-base/glib_string.o
                0x00002eec                GLIB_drawString
 .text.GLIB_setFont
                0x00002f68       0x1c ./rangetest-base/glib_string.o
                0x00002f68                GLIB_setFont
 .text.INT_Disable
                0x00002f84       0x18 ./rangetest-base/uartdrv.o
 .text.INT_Enable
                0x00002f9c       0x14 ./rangetest-base/uartdrv.o
 .text.GetTailBuffer
                0x00002fb0       0x34 ./rangetest-base/uartdrv.o
 .text.SetHandleIndex
                0x00002fe4       0x40 ./rangetest-base/uartdrv.o
 .text.StartTransmitDma
                0x00003024       0x50 ./rangetest-base/uartdrv.o
 .text.HwFcGetClearToSendPin
                0x00003074       0x28 ./rangetest-base/uartdrv.o
 .text.HwFcManageClearToSend
                0x0000309c       0x70 ./rangetest-base/uartdrv.o
 .text.DequeueBuffer
                0x0000310c       0x54 ./rangetest-base/uartdrv.o
 .text.TransmitDmaComplete
                0x00003160       0x54 ./rangetest-base/uartdrv.o
 .text.CheckParams
                0x000031b4       0x24 ./rangetest-base/uartdrv.o
 .text.InitializeDma
                0x000031d8       0x30 ./rangetest-base/uartdrv.o
 .text.EnqueueBuffer
                0x00003208       0x6c ./rangetest-base/uartdrv.o
 .text.ConfigGpio
                0x00003274       0xce ./rangetest-base/uartdrv.o
 .text.UARTDRV_ForceTransmit
                0x00003342       0xe6 ./rangetest-base/uartdrv.o
                0x00003342                UARTDRV_ForceTransmit
 .text.UARTDRV_PauseTransmit
                0x00003428       0x54 ./rangetest-base/uartdrv.o
                0x00003428                UARTDRV_PauseTransmit
 .text.UARTDRV_ResumeTransmit
                0x0000347c       0x5c ./rangetest-base/uartdrv.o
                0x0000347c                UARTDRV_ResumeTransmit
 .text.FcApplyState
                0x000034d8       0x78 ./rangetest-base/uartdrv.o
 .text.UARTDRV_InitUart
                0x00003550      0x3ec ./rangetest-base/uartdrv.o
                0x00003550                UARTDRV_InitUart
 .text.UARTDRV_Transmit
                0x0000393c       0x58 ./rangetest-base/uartdrv.o
                0x0000393c                UARTDRV_Transmit
 .text.UDELAY_Calibrate
                0x00003994      0x1c4 ./rangetest-base/udelay.o
                0x00003994                UDELAY_Calibrate
 .text.UDELAY_Delay
                0x00003b58       0x28 ./rangetest-base/udelay.o
                0x00003b58                UDELAY_Delay
 .text.flashWaitStateControl
                0x00003b80       0x3c ./hal-efr32/em_cmu.o
 .text.flashWaitStateMax
                0x00003bbc        0xe ./hal-efr32/em_cmu.o
 *fill*         0x00003bca        0x2 
 .text.syncReg  0x00003bcc       0x18 ./hal-efr32/em_cmu.o
 .text.CMU_ClockEnable
                0x00003be4       0x7c ./hal-efr32/em_cmu.o
                0x00003be4                CMU_ClockEnable
 .text.CMU_ClockPrescGet
                0x00003c60       0x88 ./hal-efr32/em_cmu.o
                0x00003c60                CMU_ClockPrescGet
 .text.CMU_ClockDivGet
                0x00003ce8        0xa ./hal-efr32/em_cmu.o
                0x00003ce8                CMU_ClockDivGet
 *fill*         0x00003cf2        0x2 
 .text.CMU_ClockSelectGet
                0x00003cf4       0x98 ./hal-efr32/em_cmu.o
                0x00003cf4                CMU_ClockSelectGet
 .text.lfClkGet
                0x00003d8c       0x88 ./hal-efr32/em_cmu.o
 .text.CMU_ClockFreqGet
                0x00003e14      0x100 ./hal-efr32/em_cmu.o
                0x00003e14                CMU_ClockFreqGet
 .text.CMU_ClockPrescSet
                0x00003f14      0x158 ./hal-efr32/em_cmu.o
                0x00003f14                CMU_ClockPrescSet
 .text.CMU_ClockDivSet
                0x0000406c        0x6 ./hal-efr32/em_cmu.o
                0x0000406c                CMU_ClockDivSet
 *fill*         0x00004072        0x2 
 .text.CMU_OscillatorTuningSet
                0x00004074       0xac ./hal-efr32/em_cmu.o
                0x00004074                CMU_OscillatorTuningSet
 .text.CMU_OscillatorTuningWait
                0x00004120       0x4c ./hal-efr32/em_cmu.o
                0x00004120                CMU_OscillatorTuningWait
 .text.CMU_OscillatorTuningOptimize
                0x0000416c       0x24 ./hal-efr32/em_cmu.o
                0x0000416c                CMU_OscillatorTuningOptimize
 .text.CMU_OscillatorEnable
                0x00004190       0xfc ./hal-efr32/em_cmu.o
                0x00004190                CMU_OscillatorEnable
 .text.CMU_ClockSelectSet
                0x0000428c      0x124 ./hal-efr32/em_cmu.o
                0x0000428c                CMU_ClockSelectSet
 .text.CMU_HFXOInit
                0x000043b0       0xc4 ./hal-efr32/em_cmu.o
                0x000043b0                CMU_HFXOInit
 .text.currentLimitersUpdate
                0x00004474       0x70 ./hal-efr32/em_emu.o
 .text.EMU_UpdateOscConfig
                0x000044e4       0x20 ./hal-efr32/em_emu.o
                0x000044e4                EMU_UpdateOscConfig
 .text.EMU_DCDCModeSet
                0x00004504       0x28 ./hal-efr32/em_emu.o
                0x00004504                EMU_DCDCModeSet
 .text.EMU_DCDCOutputVoltageSet
                0x0000452c      0x1e0 ./hal-efr32/em_emu.o
                0x0000452c                EMU_DCDCOutputVoltageSet
 .text.EMU_DCDCOptimizeSlice
                0x0000470c       0x6c ./hal-efr32/em_emu.o
                0x0000470c                EMU_DCDCOptimizeSlice
 .text.EMU_DCDCLnRcoBandSet
                0x00004778       0x24 ./hal-efr32/em_emu.o
                0x00004778                EMU_DCDCLnRcoBandSet
 .text.EMU_DCDCInit
                0x0000479c      0x18c ./hal-efr32/em_emu.o
                0x0000479c                EMU_DCDCInit
 .text.GPIO_DriveStrengthSet
                0x00004928       0x1e ./hal-efr32/em_gpio.o
                0x00004928                GPIO_DriveStrengthSet
 *fill*         0x00004946        0x2 
 .text.GPIO_ExtIntConfig
                0x00004948       0xa4 ./hal-efr32/em_gpio.o
                0x00004948                GPIO_ExtIntConfig
 .text.GPIO_PinModeSet
                0x000049ec       0x88 ./hal-efr32/em_gpio.o
                0x000049ec                GPIO_PinModeSet
 .text.INT_Disable
                0x00004a74       0x18 ./hal-efr32/em_ldma.o
 .text.INT_Enable
                0x00004a8c       0x14 ./hal-efr32/em_ldma.o
 .text.LDMA_EnableChannelRequest
                0x00004aa0       0x14 ./hal-efr32/em_ldma.o
                0x00004aa0                LDMA_EnableChannelRequest
 .text.LDMA_Init
                0x00004ab4       0x58 ./hal-efr32/em_ldma.o
                0x00004ab4                LDMA_Init
 .text.LDMA_StartTransfer
                0x00004b0c       0xa0 ./hal-efr32/em_ldma.o
                0x00004b0c                LDMA_StartTransfer
 .text.RTCC_ChannelInit
                0x00004bac       0x34 ./hal-efr32/em_rtcc.o
                0x00004bac                RTCC_ChannelInit
 .text.RTCC_Enable
                0x00004be0        0xc ./hal-efr32/em_rtcc.o
                0x00004be0                RTCC_Enable
 .text.RTCC_Init
                0x00004bec       0x3c ./hal-efr32/em_rtcc.o
                0x00004bec                RTCC_Init
 .text.SYSTEM_ChipRevisionGet
                0x00004c28       0x34 ./hal-efr32/em_system.o
                0x00004c28                SYSTEM_ChipRevisionGet
 .text.TIMER_Init
                0x00004c5c       0x8c ./hal-efr32/em_timer.o
                0x00004c5c                TIMER_Init
 .text.TIMER_InitCC
                0x00004ce8       0x66 ./hal-efr32/em_timer.o
                0x00004ce8                TIMER_InitCC
 *fill*         0x00004d4e        0x2 
 .text.USART_BaudrateAsyncSet
                0x00004d50       0x64 ./hal-efr32/em_usart.o
                0x00004d50                USART_BaudrateAsyncSet
 .text.USART_BaudrateSyncSet
                0x00004db4       0x4c ./hal-efr32/em_usart.o
                0x00004db4                USART_BaudrateSyncSet
 .text.USART_Enable
                0x00004e00        0xe ./hal-efr32/em_usart.o
                0x00004e00                USART_Enable
 *fill*         0x00004e0e        0x2 
 .text.USART_Reset
                0x00004e10       0x44 ./hal-efr32/em_usart.o
                0x00004e10                USART_Reset
 .text.USART_InitAsync
                0x00004e54       0x60 ./hal-efr32/em_usart.o
                0x00004e54                USART_InitAsync
 .text.USART_InitSync
                0x00004eb4       0x84 ./hal-efr32/em_usart.o
                0x00004eb4                USART_InitSync
 .text.USART_Rx
                0x00004f38        0xc ./hal-efr32/em_usart.o
                0x00004f38                USART_Rx
 .text.USART_Tx
                0x00004f44        0xa ./hal-efr32/em_usart.o
                0x00004f44                USART_Tx
 .text.USART_TxDouble
                0x00004f4e        0xa ./hal-efr32/em_usart.o
                0x00004f4e                USART_TxDouble
 .text.GPIOINT_IRQDispatcher
                0x00004f58       0x2c ./hal-efr32/gpiointerrupt.o
 .text.GPIOINT_Init
                0x00004f84       0x1c ./hal-efr32/gpiointerrupt.o
                0x00004f84                GPIOINT_Init
 .text.GPIOINT_CallbackRegister
                0x00004fa0       0x30 ./hal-efr32/gpiointerrupt.o
                0x00004fa0                GPIOINT_CallbackRegister
 .text.GPIO_EVEN_IRQHandler
                0x00004fd0       0x24 ./hal-efr32/gpiointerrupt.o
                0x00004fd0                GPIO_EVEN_IRQHandler
 .text.GPIO_ODD_IRQHandler
                0x00004ff4       0x24 ./hal-efr32/gpiointerrupt.o
                0x00004ff4                GPIO_ODD_IRQHandler
 .text.halInit  0x00005018       0x12 ./hal-efr32/hal_common.o
                0x00005018                halInit
 .text.halCommonGetInt32uMillisecondTick
                0x0000502a        0xe ./hal-efr32/hal_common.o
                0x0000502a                halCommonGetInt32uMillisecondTick
 .text.usecDelay
                0x00005038       0x26 ./hal-efr32/hal_efr.o
 *fill*         0x0000505e        0x2 
 .text.halInitChipSpecific
                0x00005060      0x170 ./hal-efr32/hal_efr.o
                0x00005060                halInitChipSpecific
 .text._close   0x000051d0        0x4 ./hal-efr32/retargetio.o
                0x000051d0                _close
 .text._exit    0x000051d4        0x2 ./hal-efr32/retargetio.o
                0x000051d4                _exit
 .text._lseek   0x000051d6        0x4 ./hal-efr32/retargetio.o
                0x000051d6                _lseek
 .text._read    0x000051da       0x26 ./hal-efr32/retargetio.o
                0x000051da                _read
 .text._write   0x00005200       0x1a ./hal-efr32/retargetio.o
                0x00005200                _write
 *fill*         0x0000521a        0x2 
 .text._sbrk    0x0000521c       0x50 ./hal-efr32/retargetio.o
                0x0000521c                _sbrk
 .text.USART0_RX_IRQHandler
                0x0000526c       0x58 ./hal-efr32/retargetserial.o
                0x0000526c                USART0_RX_IRQHandler
 .text.RETARGET_SerialInit
                0x000052c4       0xcc ./hal-efr32/retargetserial.o
                0x000052c4                RETARGET_SerialInit
 .text.RETARGET_ReadChar
                0x00005390       0x6c ./hal-efr32/retargetserial.o
                0x00005390                RETARGET_ReadChar
 .text.RETARGET_WriteChar
                0x000053fc       0x4c ./hal-efr32/retargetserial.o
                0x000053fc                RETARGET_WriteChar
 .text.INT_Disable
                0x00005448       0x18 ./hal-efr32/rtcdriver.o
 .text.INT_Enable
                0x00005460       0x14 ./hal-efr32/rtcdriver.o
 .text.checkAllTimers
                0x00005474       0x90 ./hal-efr32/rtcdriver.o
 .text.executeTimerCallbacks
                0x00005504       0x24 ./hal-efr32/rtcdriver.o
 .text.rescheduleRtc
                0x00005528       0x7c ./hal-efr32/rtcdriver.o
 .text.RTCDRV_Init
                0x000055a4       0xbc ./hal-efr32/rtcdriver.o
                0x000055a4                RTCDRV_Init
 .text.RTCDRV_GetWallClockTicks64
                0x00005660       0x30 ./hal-efr32/rtcdriver.o
                0x00005660                RTCDRV_GetWallClockTicks64
 .text.RTCDRV_TicksToMsec
                0x00005690       0x1e ./hal-efr32/rtcdriver.o
                0x00005690                RTCDRV_TicksToMsec
 *fill*         0x000056ae        0x2 
 .text.RTCC_IRQHandler
                0x000056b0       0x80 ./hal-efr32/rtcdriver.o
                0x000056b0                RTCC_IRQHandler
 .text.USTIMER_Init
                0x00005730       0xe0 ./hal-efr32/ustimer.o
                0x00005730                USTIMER_Init
 .text.TIMER0_IRQHandler
                0x00005810       0x1c ./hal-efr32/ustimer.o
                0x00005810                TIMER0_IRQHandler
 .text.INT_Disable
                0x0000582c       0x18 ./buffer-pool-memory-manager/buffer_pool_allocator.o
 .text.INT_Enable
                0x00005844       0x14 ./buffer-pool-memory-manager/buffer_pool_allocator.o
 .text.memoryAllocate
                0x00005858       0x3c ./buffer-pool-memory-manager/buffer_pool_allocator.o
                0x00005858                memoryAllocate
 .text.memoryPtrFromHandle
                0x00005894       0x30 ./buffer-pool-memory-manager/buffer_pool_allocator.o
                0x00005894                memoryPtrFromHandle
 .text.memoryFree
                0x000058c4       0x28 ./buffer-pool-memory-manager/buffer_pool_allocator.o
                0x000058c4                memoryFree
 .text.RAILCb_AllocateMemory
                0x000058ec        0x4 ./buffer-pool-memory-manager/rail_integration.o
                0x000058ec                RAILCb_AllocateMemory
 .text.RAILCb_FreeMemory
                0x000058f0        0x4 ./buffer-pool-memory-manager/rail_integration.o
                0x000058f0                RAILCb_FreeMemory
 .text.RAILCb_BeginWriteMemory
                0x000058f4        0xc ./buffer-pool-memory-manager/rail_integration.o
                0x000058f4                RAILCb_BeginWriteMemory
 .text.RAILCb_EndWriteMemory
                0x00005900        0x2 ./buffer-pool-memory-manager/rail_integration.o
                0x00005900                RAILCb_EndWriteMemory
 *fill*         0x00005902        0x2 
 .text          0x00005904       0x30 ./CMSIS/efr32fg1p/startup_efr32fg1p.o
                0x00005904                Reset_Handler
                0x00005930                USART0_TX_IRQHandler
                0x00005930                I2C0_IRQHandler
                0x00005930                HardFault_Handler
                0x00005930                SysTick_Handler
                0x00005930                USART1_RX_IRQHandler
                0x00005930                PendSV_Handler
                0x00005930                NMI_Handler
                0x00005930                SYNTH_IRQHandler
                0x00005930                WDOG0_IRQHandler
                0x00005930                USART1_TX_IRQHandler
                0x00005930                MSC_IRQHandler
                0x00005930                ADC0_IRQHandler
                0x00005930                UsageFault_Handler
                0x00005930                LEUART0_IRQHandler
                0x00005930                FPUEH_IRQHandler
                0x00005930                DebugMon_Handler
                0x00005930                LETIMER0_IRQHandler
                0x00005930                TIMER1_IRQHandler
                0x00005930                Default_Handler
                0x00005930                EMU_IRQHandler
                0x00005930                CRYOTIMER_IRQHandler
                0x00005930                PCNT0_IRQHandler
                0x00005930                ACMP0_IRQHandler
                0x00005930                MemManage_Handler
                0x00005930                SVC_Handler
                0x00005930                CRYPTO_IRQHandler
                0x00005930                CMU_IRQHandler
                0x00005930                BusFault_Handler
                0x00005930                IDAC0_IRQHandler
 .text.SystemMaxCoreClockGet
                0x00005934        0x8 ./CMSIS/efr32fg1p/system_efr32fg1p.o
                0x00005934                SystemMaxCoreClockGet
 .text.SystemHFClockGet
                0x0000593c       0x48 ./CMSIS/efr32fg1p/system_efr32fg1p.o
                0x0000593c                SystemHFClockGet
 .text.SystemCoreClockGet
                0x00005984       0x24 ./CMSIS/efr32fg1p/system_efr32fg1p.o
                0x00005984                SystemCoreClockGet
 .text.SystemHFXOClockGet
                0x000059a8        0xc ./CMSIS/efr32fg1p/system_efr32fg1p.o
                0x000059a8                SystemHFXOClockGet
 .text.SystemInit
                0x000059b4       0x14 ./CMSIS/efr32fg1p/system_efr32fg1p.o
                0x000059b4                SystemInit
 .text.SystemLFRCOClockGet
                0x000059c8        0x6 ./CMSIS/efr32fg1p/system_efr32fg1p.o
                0x000059c8                SystemLFRCOClockGet
 .text.SystemULFRCOClockGet
                0x000059ce        0x6 ./CMSIS/efr32fg1p/system_efr32fg1p.o
                0x000059ce                SystemULFRCOClockGet
 .text.SystemLFXOClockGet
                0x000059d4        0xc ./CMSIS/efr32fg1p/system_efr32fg1p.o
                0x000059d4                SystemLFXOClockGet
 .text.apcConfigure
                0x000059e0       0x74 C:/SiliconLabs/SiliconLabsRAIL/1.2.0.0-GA//autogen/librail_release/\librail_efr32_gcc_release.a(pa.o)
 .text.PA_OutputPowerGet
                0x00005a54        0xc C:/SiliconLabs/SiliconLabsRAIL/1.2.0.0-GA//autogen/librail_release/\librail_efr32_gcc_release.a(pa.o)
                0x00005a54                PA_OutputPowerGet
 .text.PA_20dbmConfigSet
                0x00005a60       0x50 C:/SiliconLabs/SiliconLabsRAIL/1.2.0.0-GA//autogen/librail_release/\librail_efr32_gcc_release.a(pa.o)
                0x00005a60                PA_20dbmConfigSet
 .text.PA_0dbmConfigSet
                0x00005ab0       0x54 C:/SiliconLabs/SiliconLabsRAIL/1.2.0.0-GA//autogen/librail_release/\librail_efr32_gcc_release.a(pa.o)
                0x00005ab0                PA_0dbmConfigSet
 .text.PA_SubGhz20dbmConfigSet
                0x00005b04       0x2c C:/SiliconLabs/SiliconLabsRAIL/1.2.0.0-GA//autogen/librail_release/\librail_efr32_gcc_release.a(pa.o)
                0x00005b04                PA_SubGhz20dbmConfigSet
 .text.PA_PowerModeConfigSet
                0x00005b30       0x1c C:/SiliconLabs/SiliconLabsRAIL/1.2.0.0-GA//autogen/librail_release/\librail_efr32_gcc_release.a(pa.o)
                0x00005b30                PA_PowerModeConfigSet
 .text.PA_StripesAndSlicesSet
                0x00005b4c       0x90 C:/SiliconLabs/SiliconLabsRAIL/1.2.0.0-GA//autogen/librail_release/\librail_efr32_gcc_release.a(pa.o)
                0x00005b4c                PA_StripesAndSlicesSet
 .text.PA_StripesAndSlicesCommonCalc
                0x00005bdc       0x50 C:/SiliconLabs/SiliconLabsRAIL/1.2.0.0-GA//autogen/librail_release/\librail_efr32_gcc_release.a(pa.o)
                0x00005bdc                PA_StripesAndSlicesCommonCalc
 .text.PA_PowerFromStripesAndSlicesCommonCalc
                0x00005c2c       0x36 C:/SiliconLabs/SiliconLabsRAIL/1.2.0.0-GA//autogen/librail_release/\librail_efr32_gcc_release.a(pa.o)
                0x00005c2c                PA_PowerFromStripesAndSlicesCommonCalc
 *fill*         0x00005c62        0x2 
 .text.PA_PowerLevelOptimize
                0x00005c64       0x6c C:/SiliconLabs/SiliconLabsRAIL/1.2.0.0-GA//autogen/librail_release/\librail_efr32_gcc_release.a(pa.o)
                0x00005c64                PA_PowerLevelOptimize
 .text.PA_StripesAndSlicesCalc
                0x00005cd0       0x94 C:/SiliconLabs/SiliconLabsRAIL/1.2.0.0-GA//autogen/librail_release/\librail_efr32_gcc_release.a(pa.o)
                0x00005cd0                PA_StripesAndSlicesCalc
 .text.PA_OutputPowerSet
                0x00005d64       0x14 C:/SiliconLabs/SiliconLabsRAIL/1.2.0.0-GA//autogen/librail_release/\librail_efr32_gcc_release.a(pa.o)
                0x00005d64                PA_OutputPowerSet
 .text.PA_PeakDetectorHighRun
                0x00005d78       0x4c C:/SiliconLabs/SiliconLabsRAIL/1.2.0.0-GA//autogen/librail_release/\librail_efr32_gcc_release.a(pa.o)
                0x00005d78                PA_PeakDetectorHighRun
 .text.PA_PeakDetectorLowRun
                0x00005dc4       0x20 C:/SiliconLabs/SiliconLabsRAIL/1.2.0.0-GA//autogen/librail_release/\librail_efr32_gcc_release.a(pa.o)
                0x00005dc4                PA_PeakDetectorLowRun
 .text.PA_BatHighRun
                0x00005de4       0x3c C:/SiliconLabs/SiliconLabsRAIL/1.2.0.0-GA//autogen/librail_release/\librail_efr32_gcc_release.a(pa.o)
                0x00005de4                PA_BatHighRun
 .text.PA_RampTimeGet
                0x00005e20        0xc C:/SiliconLabs/SiliconLabsRAIL/1.2.0.0-GA//autogen/librail_release/\librail_efr32_gcc_release.a(pa.o)
                0x00005e20                PA_RampTimeGet
 .text.PA_RampConfigSet
                0x00005e2c       0x20 C:/SiliconLabs/SiliconLabsRAIL/1.2.0.0-GA//autogen/librail_release/\librail_efr32_gcc_release.a(pa.o)
                0x00005e2c                PA_RampConfigSet
 .text.PA_RampTimeCalc
                0x00005e4c       0x40 C:/SiliconLabs/SiliconLabsRAIL/1.2.0.0-GA//autogen/librail_release/\librail_efr32_gcc_release.a(pa.o)
                0x00005e4c                PA_RampTimeCalc
 .text.PA_RampTimeSet
                0x00005e8c       0x8c C:/SiliconLabs/SiliconLabsRAIL/1.2.0.0-GA//autogen/librail_release/\librail_efr32_gcc_release.a(pa.o)
                0x00005e8c                PA_RampTimeSet
 .text.RADIO_PA_Init
                0x00005f18       0x94 C:/SiliconLabs/SiliconLabsRAIL/1.2.0.0-GA//autogen/librail_release/\librail_efr32_gcc_release.a(pa.o)
                0x00005f18                RADIO_PA_Init
 .text.PA_BandSelect
                0x00005fac       0x44 C:/SiliconLabs/SiliconLabsRAIL/1.2.0.0-GA//autogen/librail_release/\librail_efr32_gcc_release.a(pa.o)
                0x00005fac                PA_BandSelect
 .text.RADIO_PTI_Init
                0x00005ff0       0xb8 C:/SiliconLabs/SiliconLabsRAIL/1.2.0.0-GA//autogen/librail_release/\librail_efr32_gcc_release.a(pti.o)
                0x00005ff0                RADIO_PTI_Init
 .text.RADIO_PTI_AppendedInfoEnable
                0x000060a8       0x14 C:/SiliconLabs/SiliconLabsRAIL/1.2.0.0-GA//autogen/librail_release/\librail_efr32_gcc_release.a(pti.o)
                0x000060a8                RADIO_PTI_AppendedInfoEnable
 .text.RADIO_PTI_Enable
                0x000060bc       0x4c C:/SiliconLabs/SiliconLabsRAIL/1.2.0.0-GA//autogen/librail_release/\librail_efr32_gcc_release.a(pti.o)
                0x000060bc                RADIO_PTI_Enable
 .text.RADIO_PTI_AuxdataOutput
                0x00006108       0x1c C:/SiliconLabs/SiliconLabsRAIL/1.2.0.0-GA//autogen/librail_release/\librail_efr32_gcc_release.a(pti.o)
                0x00006108                RADIO_PTI_AuxdataOutput
 .text.INT_Disable
                0x00006124       0x18 C:/SiliconLabs/SiliconLabsRAIL/1.2.0.0-GA//autogen/librail_release/\librail_efr32_gcc_release.a(radio.o)
 .text.INT_Enable
                0x0000613c       0x14 C:/SiliconLabs/SiliconLabsRAIL/1.2.0.0-GA//autogen/librail_release/\librail_efr32_gcc_release.a(radio.o)
 .text.RADIO_BUFCClear
                0x00006150       0x1a C:/SiliconLabs/SiliconLabsRAIL/1.2.0.0-GA//autogen/librail_release/\librail_efr32_gcc_release.a(radio.o)
 .text.RADIO_WriteSync
                0x0000616a        0x4 C:/SiliconLabs/SiliconLabsRAIL/1.2.0.0-GA//autogen/librail_release/\librail_efr32_gcc_release.a(radio.o)
 .text.RADIO_OrSync
                0x0000616e        0x8 C:/SiliconLabs/SiliconLabsRAIL/1.2.0.0-GA//autogen/librail_release/\librail_efr32_gcc_release.a(radio.o)
 .text.RADIO_XorSync
                0x00006176        0x8 C:/SiliconLabs/SiliconLabsRAIL/1.2.0.0-GA//autogen/librail_release/\librail_efr32_gcc_release.a(radio.o)
 .text.RADIO_AndSync
                0x0000617e        0x8 C:/SiliconLabs/SiliconLabsRAIL/1.2.0.0-GA//autogen/librail_release/\librail_efr32_gcc_release.a(radio.o)
 .text.RADIO_WaitForSetSync
                0x00006186       0x1a C:/SiliconLabs/SiliconLabsRAIL/1.2.0.0-GA//autogen/librail_release/\librail_efr32_gcc_release.a(radio.o)
 .text.RADIO_UsToStimerTickCalc
                0x000061a0       0x30 C:/SiliconLabs/SiliconLabsRAIL/1.2.0.0-GA//autogen/librail_release/\librail_efr32_gcc_release.a(radio.o)
 .text.RADIO_Delay
                0x000061d0        0x6 C:/SiliconLabs/SiliconLabsRAIL/1.2.0.0-GA//autogen/librail_release/\librail_efr32_gcc_release.a(radio.o)
 *fill*         0x000061d6        0x2 
 .text.RADIO_BUFCWriteContSync.constprop.3
                0x000061d8       0x28 C:/SiliconLabs/SiliconLabsRAIL/1.2.0.0-GA//autogen/librail_release/\librail_efr32_gcc_release.a(radio.o)
 .text.RADIO_ClrBitSync
                0x00006200       0x10 C:/SiliconLabs/SiliconLabsRAIL/1.2.0.0-GA//autogen/librail_release/\librail_efr32_gcc_release.a(radio.o)
 .text.RADIO_SetBitSync
                0x00006210       0x10 C:/SiliconLabs/SiliconLabsRAIL/1.2.0.0-GA//autogen/librail_release/\librail_efr32_gcc_release.a(radio.o)
 .text.RADIO_SetAndForgetWrite
                0x00006220       0x78 C:/SiliconLabs/SiliconLabsRAIL/1.2.0.0-GA//autogen/librail_release/\librail_efr32_gcc_release.a(radio.o)
                0x00006220                RADIO_SetAndForgetWrite
 .text.RADIO_SeqInit
                0x00006298       0x70 C:/SiliconLabs/SiliconLabsRAIL/1.2.0.0-GA//autogen/librail_release/\librail_efr32_gcc_release.a(radio.o)
                0x00006298                RADIO_SeqInit
 .text.RADIO_CLKEnable
                0x00006308       0x68 C:/SiliconLabs/SiliconLabsRAIL/1.2.0.0-GA//autogen/librail_release/\librail_efr32_gcc_release.a(radio.o)
                0x00006308                RADIO_CLKEnable
 .text.RADIO_Config
                0x00006370       0x5c C:/SiliconLabs/SiliconLabsRAIL/1.2.0.0-GA//autogen/librail_release/\librail_efr32_gcc_release.a(radio.o)
                0x00006370                RADIO_Config
 .text.RADIO_RegisterIrqCallback
                0x000063cc        0xc C:/SiliconLabs/SiliconLabsRAIL/1.2.0.0-GA//autogen/librail_release/\librail_efr32_gcc_release.a(radio.o)
                0x000063cc                RADIO_RegisterIrqCallback
 .text.FRC_PRI_IRQHandler
                0x000063d8        0xc C:/SiliconLabs/SiliconLabsRAIL/1.2.0.0-GA//autogen/librail_release/\librail_efr32_gcc_release.a(radio.o)
                0x000063d8                FRC_PRI_IRQHandler
 .text.FRC_IRQHandler
                0x000063e4        0xc C:/SiliconLabs/SiliconLabsRAIL/1.2.0.0-GA//autogen/librail_release/\librail_efr32_gcc_release.a(radio.o)
                0x000063e4                FRC_IRQHandler
 .text.RAC_RSM_IRQHandler
                0x000063f0        0xc C:/SiliconLabs/SiliconLabsRAIL/1.2.0.0-GA//autogen/librail_release/\librail_efr32_gcc_release.a(radio.o)
                0x000063f0                RAC_RSM_IRQHandler
 .text.RAC_SEQ_IRQHandler
                0x000063fc        0xc C:/SiliconLabs/SiliconLabsRAIL/1.2.0.0-GA//autogen/librail_release/\librail_efr32_gcc_release.a(radio.o)
                0x000063fc                RAC_SEQ_IRQHandler
 .text.AGC_IRQHandler
                0x00006408        0xc C:/SiliconLabs/SiliconLabsRAIL/1.2.0.0-GA//autogen/librail_release/\librail_efr32_gcc_release.a(radio.o)
                0x00006408                AGC_IRQHandler
 .text.PROTIMER_IRQHandler
                0x00006414        0xc C:/SiliconLabs/SiliconLabsRAIL/1.2.0.0-GA//autogen/librail_release/\librail_efr32_gcc_release.a(radio.o)
                0x00006414                PROTIMER_IRQHandler
 .text.BUFC_IRQHandler
                0x00006420        0xc C:/SiliconLabs/SiliconLabsRAIL/1.2.0.0-GA//autogen/librail_release/\librail_efr32_gcc_release.a(radio.o)
                0x00006420                BUFC_IRQHandler
 .text.MODEM_IRQHandler
                0x0000642c        0xc C:/SiliconLabs/SiliconLabsRAIL/1.2.0.0-GA//autogen/librail_release/\librail_efr32_gcc_release.a(radio.o)
                0x0000642c                MODEM_IRQHandler
 .text.RADIO_TxBufferSet
                0x00006438       0x54 C:/SiliconLabs/SiliconLabsRAIL/1.2.0.0-GA//autogen/librail_release/\librail_efr32_gcc_release.a(radio.o)
                0x00006438                RADIO_TxBufferSet
 .text.RADIO_TxBufferReset
                0x0000648c        0xc C:/SiliconLabs/SiliconLabsRAIL/1.2.0.0-GA//autogen/librail_release/\librail_efr32_gcc_release.a(radio.o)
                0x0000648c                RADIO_TxBufferReset
 .text.RADIO_RXBufferDisableThrInt
                0x00006498       0x14 C:/SiliconLabs/SiliconLabsRAIL/1.2.0.0-GA//autogen/librail_release/\librail_efr32_gcc_release.a(radio.o)
                0x00006498                RADIO_RXBufferDisableThrInt
 .text.RADIO_RxBufferSet
                0x000064ac       0x1c C:/SiliconLabs/SiliconLabsRAIL/1.2.0.0-GA//autogen/librail_release/\librail_efr32_gcc_release.a(radio.o)
                0x000064ac                RADIO_RxBufferSet
 .text.RADIO_RxBufferGet
                0x000064c8        0xc C:/SiliconLabs/SiliconLabsRAIL/1.2.0.0-GA//autogen/librail_release/\librail_efr32_gcc_release.a(radio.o)
                0x000064c8                RADIO_RxBufferGet
 .text.RADIO_RxBufferReset
                0x000064d4       0x1c C:/SiliconLabs/SiliconLabsRAIL/1.2.0.0-GA//autogen/librail_release/\librail_efr32_gcc_release.a(radio.o)
                0x000064d4                RADIO_RxBufferReset
 .text.RADIO_BUFCIrqHandler
                0x000064f0       0x88 C:/SiliconLabs/SiliconLabsRAIL/1.2.0.0-GA//autogen/librail_release/\librail_efr32_gcc_release.a(radio.o)
 .text.RADIO_RxTrailDataLength
                0x00006578       0x3c C:/SiliconLabs/SiliconLabsRAIL/1.2.0.0-GA//autogen/librail_release/\librail_efr32_gcc_release.a(radio.o)
                0x00006578                RADIO_RxTrailDataLength
 .text.RADIO_RxBufferPacketAvailable
                0x000065b4       0x18 C:/SiliconLabs/SiliconLabsRAIL/1.2.0.0-GA//autogen/librail_release/\librail_efr32_gcc_release.a(radio.o)
                0x000065b4                RADIO_RxBufferPacketAvailable
 .text.RADIO_RxBufferBytesAvailable
                0x000065cc       0x10 C:/SiliconLabs/SiliconLabsRAIL/1.2.0.0-GA//autogen/librail_release/\librail_efr32_gcc_release.a(radio.o)
                0x000065cc                RADIO_RxBufferBytesAvailable
 .text.RADIO_TxBufferBytesAvailable
                0x000065dc       0x10 C:/SiliconLabs/SiliconLabsRAIL/1.2.0.0-GA//autogen/librail_release/\librail_efr32_gcc_release.a(radio.o)
                0x000065dc                RADIO_TxBufferBytesAvailable
 .text.RADIO_RxBufferReadByte
                0x000065ec        0xc C:/SiliconLabs/SiliconLabsRAIL/1.2.0.0-GA//autogen/librail_release/\librail_efr32_gcc_release.a(radio.o)
                0x000065ec                RADIO_RxBufferReadByte
 .text.RADIO_FrameControlDescrBufferIdSet
                0x000065f8       0x24 C:/SiliconLabs/SiliconLabsRAIL/1.2.0.0-GA//autogen/librail_release/\librail_efr32_gcc_release.a(radio.o)
                0x000065f8                RADIO_FrameControlDescrBufferIdSet
 .text.RADIO_BUFCReadContASync
                0x0000661c       0x1c C:/SiliconLabs/SiliconLabsRAIL/1.2.0.0-GA//autogen/librail_release/\librail_efr32_gcc_release.a(radio.o)
                0x0000661c                RADIO_BUFCReadContASync
 .text.RADIO_RxBufferReadBytes
                0x00006638        0xc C:/SiliconLabs/SiliconLabsRAIL/1.2.0.0-GA//autogen/librail_release/\librail_efr32_gcc_release.a(radio.o)
                0x00006638                RADIO_RxBufferReadBytes
 .text.RADIO_RxBufferDropBytes
                0x00006644       0x1a C:/SiliconLabs/SiliconLabsRAIL/1.2.0.0-GA//autogen/librail_release/\librail_efr32_gcc_release.a(radio.o)
                0x00006644                RADIO_RxBufferDropBytes
 .text.RADIO_RxLengthReadNext
                0x0000665e       0x22 C:/SiliconLabs/SiliconLabsRAIL/1.2.0.0-GA//autogen/librail_release/\librail_efr32_gcc_release.a(radio.o)
                0x0000665e                RADIO_RxLengthReadNext
 .text.RADIO_FRCErrorHandle
                0x00006680        0x4 C:/SiliconLabs/SiliconLabsRAIL/1.2.0.0-GA//autogen/librail_release/\librail_efr32_gcc_release.a(radio.o)
                0x00006680                RADIO_FRCErrorHandle
 .text.RADIO_DccalEnable
                0x00006684       0x14 C:/SiliconLabs/SiliconLabsRAIL/1.2.0.0-GA//autogen/librail_release/\librail_efr32_gcc_release.a(radio.o)
                0x00006684                RADIO_DccalEnable
 .text.RADIO_Init
                0x00006698       0xe0 C:/SiliconLabs/SiliconLabsRAIL/1.2.0.0-GA//autogen/librail_release/\librail_efr32_gcc_release.a(radio.o)
                0x00006698                RADIO_Init
 .text.RADIO_TxWarmTimeSet
                0x00006778       0x24 C:/SiliconLabs/SiliconLabsRAIL/1.2.0.0-GA//autogen/librail_release/\librail_efr32_gcc_release.a(radio.o)
                0x00006778                RADIO_TxWarmTimeSet
 .text.RADIO_RxToTxTimeSet
                0x0000679c       0x24 C:/SiliconLabs/SiliconLabsRAIL/1.2.0.0-GA//autogen/librail_release/\librail_efr32_gcc_release.a(radio.o)
                0x0000679c                RADIO_RxToTxTimeSet
 .text.RADIO_TxToTxTimeSet
                0x000067c0       0x24 C:/SiliconLabs/SiliconLabsRAIL/1.2.0.0-GA//autogen/librail_release/\librail_efr32_gcc_release.a(radio.o)
                0x000067c0                RADIO_TxToTxTimeSet
 .text.RADIO_TxToRxTimeSet
                0x000067e4       0x14 C:/SiliconLabs/SiliconLabsRAIL/1.2.0.0-GA//autogen/librail_release/\librail_efr32_gcc_release.a(radio.o)
                0x000067e4                RADIO_TxToRxTimeSet
 .text.RADIO_RxWarmTimeSet
                0x000067f8       0x1c C:/SiliconLabs/SiliconLabsRAIL/1.2.0.0-GA//autogen/librail_release/\librail_efr32_gcc_release.a(radio.o)
                0x000067f8                RADIO_RxWarmTimeSet
 .text.RADIO_RxSearchTimeSet
                0x00006814       0x10 C:/SiliconLabs/SiliconLabsRAIL/1.2.0.0-GA//autogen/librail_release/\librail_efr32_gcc_release.a(radio.o)
                0x00006814                RADIO_RxSearchTimeSet
 .text.RADIO_TxToRxSearchTimeSet
                0x00006824       0x10 C:/SiliconLabs/SiliconLabsRAIL/1.2.0.0-GA//autogen/librail_release/\librail_efr32_gcc_release.a(radio.o)
                0x00006824                RADIO_TxToRxSearchTimeSet
 .text.RADIO_GetRSSI
                0x00006834       0x4c C:/SiliconLabs/SiliconLabsRAIL/1.2.0.0-GA//autogen/librail_release/\librail_efr32_gcc_release.a(radio.o)
                0x00006834                RADIO_GetRSSI
 .text.RFTEST_BerEmptyBufcAndUpdateStats
                0x00006880       0xa0 C:/SiliconLabs/SiliconLabsRAIL/1.2.0.0-GA//autogen/librail_release/\librail_efr32_gcc_release.a(rf_test.o)
                0x00006880                RFTEST_BerEmptyBufcAndUpdateStats
 .text.SYNTH_IfFreqCompute
                0x00006920       0x4c C:/SiliconLabs/SiliconLabsRAIL/1.2.0.0-GA//autogen/librail_release/\librail_efr32_gcc_release.a(synth.o)
                0x00006920                SYNTH_IfFreqCompute
 .text.SYNTH_LoDivGet
                0x0000696c       0x20 C:/SiliconLabs/SiliconLabsRAIL/1.2.0.0-GA//autogen/librail_release/\librail_efr32_gcc_release.a(synth.o)
                0x0000696c                SYNTH_LoDivGet
 .text.SYNTH_Is2p4GHz
                0x0000698c       0x14 C:/SiliconLabs/SiliconLabsRAIL/1.2.0.0-GA//autogen/librail_release/\librail_efr32_gcc_release.a(synth.o)
                0x0000698c                SYNTH_Is2p4GHz
 .text.SYNTH_VcoRangeIsValid
                0x000069a0       0x58 C:/SiliconLabs/SiliconLabsRAIL/1.2.0.0-GA//autogen/librail_release/\librail_efr32_gcc_release.a(synth.o)
                0x000069a0                SYNTH_VcoRangeIsValid
 .text.SYNTH_RetimeLimitsConfig
                0x000069f8       0x38 C:/SiliconLabs/SiliconLabsRAIL/1.2.0.0-GA//autogen/librail_release/\librail_efr32_gcc_release.a(synth.o)
                0x000069f8                SYNTH_RetimeLimitsConfig
 .text.SYNTH_RetimeClkConfig
                0x00006a30       0xa4 C:/SiliconLabs/SiliconLabsRAIL/1.2.0.0-GA//autogen/librail_release/\librail_efr32_gcc_release.a(synth.o)
                0x00006a30                SYNTH_RetimeClkConfig
 .text.SYNTH_Config
                0x00006ad4      0x108 C:/SiliconLabs/SiliconLabsRAIL/1.2.0.0-GA//autogen/librail_release/\librail_efr32_gcc_release.a(synth.o)
                0x00006ad4                SYNTH_Config
 .text.SYNTH_ChannelSet
                0x00006bdc       0x2c C:/SiliconLabs/SiliconLabsRAIL/1.2.0.0-GA//autogen/librail_release/\librail_efr32_gcc_release.a(synth.o)
                0x00006bdc                SYNTH_ChannelSet
 .text.SYNTH_DCDCRetimeEnable
                0x00006c08       0x14 C:/SiliconLabs/SiliconLabsRAIL/1.2.0.0-GA//autogen/librail_release/\librail_efr32_gcc_release.a(synth.o)
                0x00006c08                SYNTH_DCDCRetimeEnable
 .text.SYNTH_DCDCRetimeClkSet
                0x00006c1c       0x24 C:/SiliconLabs/SiliconLabsRAIL/1.2.0.0-GA//autogen/librail_release/\librail_efr32_gcc_release.a(synth.o)
                0x00006c1c                SYNTH_DCDCRetimeClkSet
 .text.RADIOCMU_ClockEnable
                0x00006c40       0x3c C:/SiliconLabs/SiliconLabsRAIL/1.2.0.0-GA//autogen/librail_release/\librail_efr32_gcc_release.a(radio_cmu.o)
                0x00006c40                RADIOCMU_ClockEnable
 .text.RADIOCMU_ClockFreqGet
                0x00006c7c       0x88 C:/SiliconLabs/SiliconLabsRAIL/1.2.0.0-GA//autogen/librail_release/\librail_efr32_gcc_release.a(radio_cmu.o)
                0x00006c7c                RADIOCMU_ClockFreqGet
 .text.RADIOCMU_ClockPrescGet
                0x00006d04       0x1c C:/SiliconLabs/SiliconLabsRAIL/1.2.0.0-GA//autogen/librail_release/\librail_efr32_gcc_release.a(radio_cmu.o)
                0x00006d04                RADIOCMU_ClockPrescGet
 .text.RAIL_RadioConfig
                0x00006d20       0x14 C:/SiliconLabs/SiliconLabsRAIL/1.2.0.0-GA//autogen/librail_release/\librail_efr32_gcc_release.a(phy.o)
                0x00006d20                RAIL_RadioConfig
 .text.RAIL_ChannelConfig
                0x00006d34       0x48 C:/SiliconLabs/SiliconLabsRAIL/1.2.0.0-GA//autogen/librail_release/\librail_efr32_gcc_release.a(phy.o)
                0x00006d34                RAIL_ChannelConfig
 .text.RAIL_TxPowerSet
                0x00006d7c        0x4 C:/SiliconLabs/SiliconLabsRAIL/1.2.0.0-GA//autogen/librail_release/\librail_efr32_gcc_release.a(phy.o)
                0x00006d7c                RAIL_TxPowerSet
 .text.RAIL_TxPowerGet
                0x00006d80        0x4 C:/SiliconLabs/SiliconLabsRAIL/1.2.0.0-GA//autogen/librail_release/\librail_efr32_gcc_release.a(phy.o)
                0x00006d80                RAIL_TxPowerGet
 .text.RAIL_PacketLengthConfigFrameType
                0x00006d84        0x4 C:/SiliconLabs/SiliconLabsRAIL/1.2.0.0-GA//autogen/librail_release/\librail_efr32_gcc_release.a(phy.o)
                0x00006d84                RAIL_PacketLengthConfigFrameType
 .text.RAIL_RfInit
                0x00006d88       0x18 C:/SiliconLabs/SiliconLabsRAIL/1.2.0.0-GA//autogen/librail_release/\librail_efr32_gcc_release.a(rail_rf.o)
                0x00006d88                RAIL_RfInit
 .text.RAIL_RfIdle
                0x00006da0        0x4 C:/SiliconLabs/SiliconLabsRAIL/1.2.0.0-GA//autogen/librail_release/\librail_efr32_gcc_release.a(rail_rf.o)
                0x00006da0                RAIL_RfIdle
 .text.RAIL_RfStateGet
                0x00006da4        0x4 C:/SiliconLabs/SiliconLabsRAIL/1.2.0.0-GA//autogen/librail_release/\librail_efr32_gcc_release.a(rail_rf.o)
                0x00006da4                RAIL_RfStateGet
 .text.RAILInt_SetChannelConfig
                0x00006da8       0x50 C:/SiliconLabs/SiliconLabsRAIL/1.2.0.0-GA//autogen/librail_release/\librail_efr32_gcc_release.a(rail_rf.o)
                0x00006da8                RAILInt_SetChannelConfig
 .text.RAILInt_TrackChannelConfig
                0x00006df8        0xc C:/SiliconLabs/SiliconLabsRAIL/1.2.0.0-GA//autogen/librail_release/\librail_efr32_gcc_release.a(rail_rf.o)
                0x00006df8                RAILInt_TrackChannelConfig
 .text.RAIL_DebugModeGet
                0x00006e04        0xc C:/SiliconLabs/SiliconLabsRAIL/1.2.0.0-GA//autogen/librail_release/\librail_efr32_gcc_release.a(rail_rf.o)
                0x00006e04                RAIL_DebugModeGet
 .text.RAIL_RxConfig
                0x00006e10       0x1a C:/SiliconLabs/SiliconLabsRAIL/1.2.0.0-GA//autogen/librail_release/\librail_efr32_gcc_release.a(rail_rx.o)
                0x00006e10                RAIL_RxConfig
 .text.RAIL_RxStart
                0x00006e2a       0x28 C:/SiliconLabs/SiliconLabsRAIL/1.2.0.0-GA//autogen/librail_release/\librail_efr32_gcc_release.a(rail_rx.o)
                0x00006e2a                RAIL_RxStart
 .text.RAIL_TxDataLoad
                0x00006e52        0x4 C:/SiliconLabs/SiliconLabsRAIL/1.2.0.0-GA//autogen/librail_release/\librail_efr32_gcc_release.a(rail_tx.o)
                0x00006e52                RAIL_TxDataLoad
 .text.RAIL_TxStart
                0x00006e56       0x30 C:/SiliconLabs/SiliconLabsRAIL/1.2.0.0-GA//autogen/librail_release/\librail_efr32_gcc_release.a(rail_tx.o)
                0x00006e56                RAIL_TxStart
 *fill*         0x00006e86        0x2 
 .text.INT_Disable
                0x00006e88       0x18 C:/SiliconLabs/SiliconLabsRAIL/1.2.0.0-GA//autogen/librail_release/\librail_efr32_gcc_release.a(rail_calibration.o)
 .text.INT_Enable
                0x00006ea0       0x14 C:/SiliconLabs/SiliconLabsRAIL/1.2.0.0-GA//autogen/librail_release/\librail_efr32_gcc_release.a(rail_calibration.o)
 .text.RAIL_RfHalCalibrationInit
                0x00006eb4       0x24 C:/SiliconLabs/SiliconLabsRAIL/1.2.0.0-GA//autogen/librail_release/\librail_efr32_gcc_release.a(rail_calibration.o)
                0x00006eb4                RAIL_RfHalCalibrationInit
 .text.RAIL_RfHalCalibrationPend
                0x00006ed8       0x30 C:/SiliconLabs/SiliconLabsRAIL/1.2.0.0-GA//autogen/librail_release/\librail_efr32_gcc_release.a(rail_calibration.o)
                0x00006ed8                RAIL_RfHalCalibrationPend
 .text.RAIL_RfHalCalibrationEnableGet
                0x00006f08        0xc C:/SiliconLabs/SiliconLabsRAIL/1.2.0.0-GA//autogen/librail_release/\librail_efr32_gcc_release.a(rail_calibration.o)
                0x00006f08                RAIL_RfHalCalibrationEnableGet
 .text.INT_Disable
                0x00006f14       0x18 C:/SiliconLabs/SiliconLabsRAIL/1.2.0.0-GA//autogen/librail_release/\librail_efr32_gcc_release.a(protimer.o)
 .text.INT_Enable
                0x00006f2c       0x14 C:/SiliconLabs/SiliconLabsRAIL/1.2.0.0-GA//autogen/librail_release/\librail_efr32_gcc_release.a(protimer.o)
 .text.PROTIMER_Start
                0x00006f40       0x1c C:/SiliconLabs/SiliconLabsRAIL/1.2.0.0-GA//autogen/librail_release/\librail_efr32_gcc_release.a(protimer.o)
                0x00006f40                PROTIMER_Start
 .text.PROTIMER_Stop
                0x00006f5c       0x20 C:/SiliconLabs/SiliconLabsRAIL/1.2.0.0-GA//autogen/librail_release/\librail_efr32_gcc_release.a(protimer.o)
                0x00006f5c                PROTIMER_Stop
 .text.PROTIMER_IsRunning
                0x00006f7c       0x10 C:/SiliconLabs/SiliconLabsRAIL/1.2.0.0-GA//autogen/librail_release/\librail_efr32_gcc_release.a(protimer.o)
                0x00006f7c                PROTIMER_IsRunning
 .text.PROTIMER_Reset
                0x00006f8c       0x10 C:/SiliconLabs/SiliconLabsRAIL/1.2.0.0-GA//autogen/librail_release/\librail_efr32_gcc_release.a(protimer.o)
                0x00006f8c                PROTIMER_Reset
 .text.PROTIMER_ElapsedTime
                0x00006f9c       0x18 C:/SiliconLabs/SiliconLabsRAIL/1.2.0.0-GA//autogen/librail_release/\librail_efr32_gcc_release.a(protimer.o)
                0x00006f9c                PROTIMER_ElapsedTime
 .text.PROTIMER_CCTimerStop
                0x00006fb4       0x20 C:/SiliconLabs/SiliconLabsRAIL/1.2.0.0-GA//autogen/librail_release/\librail_efr32_gcc_release.a(protimer.o)
                0x00006fb4                PROTIMER_CCTimerStop
 .text.PROTIMER_CCTimerIsEnabled
                0x00006fd4       0x10 C:/SiliconLabs/SiliconLabsRAIL/1.2.0.0-GA//autogen/librail_release/\librail_efr32_gcc_release.a(protimer.o)
                0x00006fd4                PROTIMER_CCTimerIsEnabled
 .text.PROTIMER_CCTimerCapture
                0x00006fe4       0x14 C:/SiliconLabs/SiliconLabsRAIL/1.2.0.0-GA//autogen/librail_release/\librail_efr32_gcc_release.a(protimer.o)
                0x00006fe4                PROTIMER_CCTimerCapture
 .text.PROTIMER_GetCCTime
                0x00006ff8        0xc C:/SiliconLabs/SiliconLabsRAIL/1.2.0.0-GA//autogen/librail_release/\librail_efr32_gcc_release.a(protimer.o)
                0x00006ff8                PROTIMER_GetCCTime
 .text.PROTIMER_LBTStop
                0x00007004       0x20 C:/SiliconLabs/SiliconLabsRAIL/1.2.0.0-GA//autogen/librail_release/\librail_efr32_gcc_release.a(protimer.o)
                0x00007004                PROTIMER_LBTStop
 .text.PROTIMER_LBTIsActive
                0x00007024       0x14 C:/SiliconLabs/SiliconLabsRAIL/1.2.0.0-GA//autogen/librail_release/\librail_efr32_gcc_release.a(protimer.o)
                0x00007024                PROTIMER_LBTIsActive
 .text.PROTIMER_PrecntOverflowToUs
                0x00007038       0x5c C:/SiliconLabs/SiliconLabsRAIL/1.2.0.0-GA//autogen/librail_release/\librail_efr32_gcc_release.a(protimer.o)
                0x00007038                PROTIMER_PrecntOverflowToUs
 .text.PROTIMER_UsToPrecntOverflow
                0x00007094       0x64 C:/SiliconLabs/SiliconLabsRAIL/1.2.0.0-GA//autogen/librail_release/\librail_efr32_gcc_release.a(protimer.o)
                0x00007094                PROTIMER_UsToPrecntOverflow
 .text.PROTIMER_Init
                0x000070f8       0x50 C:/SiliconLabs/SiliconLabsRAIL/1.2.0.0-GA//autogen/librail_release/\librail_efr32_gcc_release.a(protimer.o)
                0x000070f8                PROTIMER_Init
 .text.PROTIMER_DelayUs
                0x00007148       0x44 C:/SiliconLabs/SiliconLabsRAIL/1.2.0.0-GA//autogen/librail_release/\librail_efr32_gcc_release.a(protimer.o)
                0x00007148                PROTIMER_DelayUs
 .text.PHY_UTILS_DelayUs
                0x0000718c       0x2a C:/SiliconLabs/SiliconLabsRAIL/1.2.0.0-GA//autogen/librail_release/\librail_efr32_gcc_release.a(phy_utils.o)
                0x0000718c                PHY_UTILS_DelayUs
 *fill*         0x000071b6        0x2 
 .text.RFRAND_GetRadioEntropy
                0x000071b8       0xfc C:/SiliconLabs/SiliconLabsRAIL/1.2.0.0-GA//autogen/librail_release/\librail_efr32_gcc_release.a(rf_rand.o)
                0x000071b8                RFRAND_GetRadioEntropy
 .text.RFRAND_SeedProtimerRandom
                0x000072b4       0x3c C:/SiliconLabs/SiliconLabsRAIL/1.2.0.0-GA//autogen/librail_release/\librail_efr32_gcc_release.a(rf_rand.o)
                0x000072b4                RFRAND_SeedProtimerRandom
 .text.INT_Disable
                0x000072f0       0x18 C:/SiliconLabs/SiliconLabsRAIL/1.2.0.0-GA//autogen/librail_release/\librail_efr32_gcc_release.a(generic_phy.o)
 .text.INT_Enable
                0x00007308       0x14 C:/SiliconLabs/SiliconLabsRAIL/1.2.0.0-GA//autogen/librail_release/\librail_efr32_gcc_release.a(generic_phy.o)
 .text.GENERIC_PHY_RAC_IRQCallback
                0x0000731c       0xa8 C:/SiliconLabs/SiliconLabsRAIL/1.2.0.0-GA//autogen/librail_release/\librail_efr32_gcc_release.a(generic_phy.o)
                0x0000731c                GENERIC_PHY_RAC_IRQCallback
 .text.GENERIC_PHY_PROTIMER_IRQCallback
                0x000073c4       0x3c C:/SiliconLabs/SiliconLabsRAIL/1.2.0.0-GA//autogen/librail_release/\librail_efr32_gcc_release.a(generic_phy.o)
                0x000073c4                GENERIC_PHY_PROTIMER_IRQCallback
 .text.GENERIC_PHY_MODEM_IRQCallback
                0x00007400       0x50 C:/SiliconLabs/SiliconLabsRAIL/1.2.0.0-GA//autogen/librail_release/\librail_efr32_gcc_release.a(generic_phy.o)
                0x00007400                GENERIC_PHY_MODEM_IRQCallback
 .text.GENERIC_PHY_FRC_IRQCallback
                0x00007450      0x100 C:/SiliconLabs/SiliconLabsRAIL/1.2.0.0-GA//autogen/librail_release/\librail_efr32_gcc_release.a(generic_phy.o)
                0x00007450                GENERIC_PHY_FRC_IRQCallback
 .text.GENERIC_PHY_ConfigureCallbacks
                0x00007550      0x160 C:/SiliconLabs/SiliconLabsRAIL/1.2.0.0-GA//autogen/librail_release/\librail_efr32_gcc_release.a(generic_phy.o)
                0x00007550                GENERIC_PHY_ConfigureCallbacks
 .text.GENERIC_PHY_SetCallbacks
                0x000076b0       0xa4 C:/SiliconLabs/SiliconLabsRAIL/1.2.0.0-GA//autogen/librail_release/\librail_efr32_gcc_release.a(generic_phy.o)
                0x000076b0                GENERIC_PHY_SetCallbacks
 .text.GENERIC_PHY_LoadTxPacketBuffer
                0x00007754       0x1c C:/SiliconLabs/SiliconLabsRAIL/1.2.0.0-GA//autogen/librail_release/\librail_efr32_gcc_release.a(generic_phy.o)
                0x00007754                GENERIC_PHY_LoadTxPacketBuffer
 .text.GENERIC_PHY_FlushTxPacketBuffer
                0x00007770       0x12 C:/SiliconLabs/SiliconLabsRAIL/1.2.0.0-GA//autogen/librail_release/\librail_efr32_gcc_release.a(generic_phy.o)
                0x00007770                GENERIC_PHY_FlushTxPacketBuffer
 *fill*         0x00007782        0x2 
 .text.GENERIC_PHY_PacketTxCommon
                0x00007784       0x28 C:/SiliconLabs/SiliconLabsRAIL/1.2.0.0-GA//autogen/librail_release/\librail_efr32_gcc_release.a(generic_phy.o)
                0x00007784                GENERIC_PHY_PacketTxCommon
 .text.GENERIC_PHY_PacketTx
                0x000077ac       0x38 C:/SiliconLabs/SiliconLabsRAIL/1.2.0.0-GA//autogen/librail_release/\librail_efr32_gcc_release.a(generic_phy.o)
                0x000077ac                GENERIC_PHY_PacketTx
 .text.GENERIC_PHY_PacketRxDataHelper
                0x000077e4       0x20 C:/SiliconLabs/SiliconLabsRAIL/1.2.0.0-GA//autogen/librail_release/\librail_efr32_gcc_release.a(generic_phy.o)
                0x000077e4                GENERIC_PHY_PacketRxDataHelper
 .text.GENERIC_PHY_PacketRxAppendedInfoHelper
                0x00007804       0xb0 C:/SiliconLabs/SiliconLabsRAIL/1.2.0.0-GA//autogen/librail_release/\librail_efr32_gcc_release.a(generic_phy.o)
                0x00007804                GENERIC_PHY_PacketRxAppendedInfoHelper
 .text.GENERIC_PHY_StartRx
                0x000078b4       0x40 C:/SiliconLabs/SiliconLabsRAIL/1.2.0.0-GA//autogen/librail_release/\librail_efr32_gcc_release.a(generic_phy.o)
                0x000078b4                GENERIC_PHY_StartRx
 .text.GENERIC_PHY_ChannelSet
                0x000078f4        0x6 C:/SiliconLabs/SiliconLabsRAIL/1.2.0.0-GA//autogen/librail_release/\librail_efr32_gcc_release.a(generic_phy.o)
                0x000078f4                GENERIC_PHY_ChannelSet
 *fill*         0x000078fa        0x2 
 .text.GENERIC_PHY_SeqAtomicLock
                0x000078fc       0x30 C:/SiliconLabs/SiliconLabsRAIL/1.2.0.0-GA//autogen/librail_release/\librail_efr32_gcc_release.a(generic_phy.o)
                0x000078fc                GENERIC_PHY_SeqAtomicLock
 .text.GENERIC_PHY_RadioEnable
                0x0000792c       0x54 C:/SiliconLabs/SiliconLabsRAIL/1.2.0.0-GA//autogen/librail_release/\librail_efr32_gcc_release.a(generic_phy.o)
                0x0000792c                GENERIC_PHY_RadioEnable
 .text.GENERIC_PHY_PreviousTxTime
                0x00007980        0x6 C:/SiliconLabs/SiliconLabsRAIL/1.2.0.0-GA//autogen/librail_release/\librail_efr32_gcc_release.a(generic_phy.o)
                0x00007980                GENERIC_PHY_PreviousTxTime
 *fill*         0x00007986        0x2 
 .text.GENERIC_PHY_RACConfig
                0x00007988       0x68 C:/SiliconLabs/SiliconLabsRAIL/1.2.0.0-GA//autogen/librail_release/\librail_efr32_gcc_release.a(generic_phy.o)
                0x00007988                GENERIC_PHY_RACConfig
 .text.GENERIC_PHY_ResetPacketConfig
                0x000079f0       0x24 C:/SiliconLabs/SiliconLabsRAIL/1.2.0.0-GA//autogen/librail_release/\librail_efr32_gcc_release.a(generic_phy.o)
                0x000079f0                GENERIC_PHY_ResetPacketConfig
 .text.GENERIC_PHY_ConfigureFrameType
                0x00007a14       0x64 C:/SiliconLabs/SiliconLabsRAIL/1.2.0.0-GA//autogen/librail_release/\librail_efr32_gcc_release.a(generic_phy.o)
                0x00007a14                GENERIC_PHY_ConfigureFrameType
 .text.GENERIC_PHY_ResetAddressFiltering
                0x00007a78       0x1c C:/SiliconLabs/SiliconLabsRAIL/1.2.0.0-GA//autogen/librail_release/\librail_efr32_gcc_release.a(generic_phy.o)
                0x00007a78                GENERIC_PHY_ResetAddressFiltering
 .text.GENERIC_PHY_Init
                0x00007a94       0xe4 C:/SiliconLabs/SiliconLabsRAIL/1.2.0.0-GA//autogen/librail_release/\librail_efr32_gcc_release.a(generic_phy.o)
                0x00007a94                GENERIC_PHY_Init
 .text.GENERIC_PHY_TimerStop
                0x00007b78        0x6 C:/SiliconLabs/SiliconLabsRAIL/1.2.0.0-GA//autogen/librail_release/\librail_efr32_gcc_release.a(generic_phy.o)
                0x00007b78                GENERIC_PHY_TimerStop
 *fill*         0x00007b7e        0x2 
 .text.INT_Disable
                0x00007b80       0x18 C:/SiliconLabs/SiliconLabsRAIL/1.2.0.0-GA//autogen/librail_release/\librail_efr32_gcc_release.a(rail_rf_hal.o)
 .text.INT_Enable
                0x00007b98       0x14 C:/SiliconLabs/SiliconLabsRAIL/1.2.0.0-GA//autogen/librail_release/\librail_efr32_gcc_release.a(rail_rf_hal.o)
 .text.pktTxDoneEvt
                0x00007bac       0x1c C:/SiliconLabs/SiliconLabsRAIL/1.2.0.0-GA//autogen/librail_release/\librail_efr32_gcc_release.a(rail_rf_hal.o)
                0x00007bac                pktTxDoneEvt
 .text.pktRxOverflow
                0x00007bc8        0x6 C:/SiliconLabs/SiliconLabsRAIL/1.2.0.0-GA//autogen/librail_release/\librail_efr32_gcc_release.a(rail_rf_hal.o)
                0x00007bc8                pktRxOverflow
 .text.preambleDetected
                0x00007bce        0x6 C:/SiliconLabs/SiliconLabsRAIL/1.2.0.0-GA//autogen/librail_release/\librail_efr32_gcc_release.a(rail_rf_hal.o)
                0x00007bce                preambleDetected
 .text.frameDet0
                0x00007bd4        0x6 C:/SiliconLabs/SiliconLabsRAIL/1.2.0.0-GA//autogen/librail_release/\librail_efr32_gcc_release.a(rail_rf_hal.o)
                0x00007bd4                frameDet0
 .text.sequencerInterrupt
                0x00007bda        0xc C:/SiliconLabs/SiliconLabsRAIL/1.2.0.0-GA//autogen/librail_release/\librail_efr32_gcc_release.a(rail_rf_hal.o)
                0x00007bda                sequencerInterrupt
 .text.pktTxErrorEvt
                0x00007be6        0x6 C:/SiliconLabs/SiliconLabsRAIL/1.2.0.0-GA//autogen/librail_release/\librail_efr32_gcc_release.a(rail_rf_hal.o)
                0x00007be6                pktTxErrorEvt
 .text.racStateChange
                0x00007bec       0x10 C:/SiliconLabs/SiliconLabsRAIL/1.2.0.0-GA//autogen/librail_release/\librail_efr32_gcc_release.a(rail_rf_hal.o)
                0x00007bec                racStateChange
 .text.softwareTimerExpired
                0x00007bfc       0x18 C:/SiliconLabs/SiliconLabsRAIL/1.2.0.0-GA//autogen/librail_release/\librail_efr32_gcc_release.a(rail_rf_hal.o)
                0x00007bfc                softwareTimerExpired
 .text.racCalRequest
                0x00007c14        0x6 C:/SiliconLabs/SiliconLabsRAIL/1.2.0.0-GA//autogen/librail_release/\librail_efr32_gcc_release.a(rail_rf_hal.o)
                0x00007c14                racCalRequest
 *fill*         0x00007c1a        0x2 
 .text.protmrLbtEvt
                0x00007c1c       0x70 C:/SiliconLabs/SiliconLabsRAIL/1.2.0.0-GA//autogen/librail_release/\librail_efr32_gcc_release.a(rail_rf_hal.o)
                0x00007c1c                protmrLbtEvt
 .text.pktRxDoneEvt
                0x00007c8c      0x100 C:/SiliconLabs/SiliconLabsRAIL/1.2.0.0-GA//autogen/librail_release/\librail_efr32_gcc_release.a(rail_rf_hal.o)
                0x00007c8c                pktRxDoneEvt
 .text.pktRxFrmErr
                0x00007d8c       0x10 C:/SiliconLabs/SiliconLabsRAIL/1.2.0.0-GA//autogen/librail_release/\librail_efr32_gcc_release.a(rail_rf_hal.o)
                0x00007d8c                pktRxFrmErr
 .text.RAIL_RfHalInit
                0x00007d9c       0x58 C:/SiliconLabs/SiliconLabsRAIL/1.2.0.0-GA//autogen/librail_release/\librail_efr32_gcc_release.a(rail_rf_hal.o)
                0x00007d9c                RAIL_RfHalInit
 .text.RAIL_RfHalIdleStart
                0x00007df4        0x6 C:/SiliconLabs/SiliconLabsRAIL/1.2.0.0-GA//autogen/librail_release/\librail_efr32_gcc_release.a(rail_rf_hal.o)
                0x00007df4                RAIL_RfHalIdleStart
 *fill*         0x00007dfa        0x2 
 .text.RAIL_RfHalStateGet
                0x00007dfc       0x68 C:/SiliconLabs/SiliconLabsRAIL/1.2.0.0-GA//autogen/librail_release/\librail_efr32_gcc_release.a(rail_rf_hal.o)
                0x00007dfc                RAIL_RfHalStateGet
 .text.RFHAL_HeadedToIdle
                0x00007e64       0x58 C:/SiliconLabs/SiliconLabsRAIL/1.2.0.0-GA//autogen/librail_release/\librail_efr32_gcc_release.a(rail_rf_hal.o)
                0x00007e64                RFHAL_HeadedToIdle
 .text.RAIL_RfHalTxDataLoad
                0x00007ebc       0x1a C:/SiliconLabs/SiliconLabsRAIL/1.2.0.0-GA//autogen/librail_release/\librail_efr32_gcc_release.a(rail_rf_hal.o)
                0x00007ebc                RAIL_RfHalTxDataLoad
 *fill*         0x00007ed6        0x2 
 .text.RAIL_RfHalTxStart
                0x00007ed8       0x4c C:/SiliconLabs/SiliconLabsRAIL/1.2.0.0-GA//autogen/librail_release/\librail_efr32_gcc_release.a(rail_rf_hal.o)
                0x00007ed8                RAIL_RfHalTxStart
 .text.RAIL_RfHalRxStart
                0x00007f24       0x4c C:/SiliconLabs/SiliconLabsRAIL/1.2.0.0-GA//autogen/librail_release/\librail_efr32_gcc_release.a(rail_rf_hal.o)
                0x00007f24                RAIL_RfHalRxStart
 .text.RAIL_RfHalRxIntEnable
                0x00007f70       0x50 C:/SiliconLabs/SiliconLabsRAIL/1.2.0.0-GA//autogen/librail_release/\librail_efr32_gcc_release.a(rail_rf_hal.o)
                0x00007f70                RAIL_RfHalRxIntEnable
 .text.RAIL_RfHalSetChannelConfig
                0x00007fc0       0x18 C:/SiliconLabs/SiliconLabsRAIL/1.2.0.0-GA//autogen/librail_release/\librail_efr32_gcc_release.a(rail_rf_hal.o)
                0x00007fc0                RAIL_RfHalSetChannelConfig
 .text.INT_Disable
                0x00007fd8       0x18 C:/SiliconLabs/SiliconLabsRAIL/1.2.0.0-GA//autogen/librail_release/\librail_efr32_gcc_release.a(rfsense.o)
 .text.INT_Enable
                0x00007ff0       0x14 C:/SiliconLabs/SiliconLabsRAIL/1.2.0.0-GA//autogen/librail_release/\librail_efr32_gcc_release.a(rfsense.o)
 .text.RFSENSE_Disable
                0x00008004       0x44 C:/SiliconLabs/SiliconLabsRAIL/1.2.0.0-GA//autogen/librail_release/\librail_efr32_gcc_release.a(rfsense.o)
 .text.RFSENSE_Sensed
                0x00008048       0x44 C:/SiliconLabs/SiliconLabsRAIL/1.2.0.0-GA//autogen/librail_release/\librail_efr32_gcc_release.a(rfsense.o)
                0x00008048                RFSENSE_Sensed
 .text.RFSENSE_IRQHandler
                0x0000808c        0x4 C:/SiliconLabs/SiliconLabsRAIL/1.2.0.0-GA//autogen/librail_release/\librail_efr32_gcc_release.a(rfsense.o)
                0x0000808c                RFSENSE_IRQHandler
 .text.TEMPCAL_Init
                0x00008090       0x40 C:/SiliconLabs/SiliconLabsRAIL/1.2.0.0-GA//autogen/librail_release/\librail_efr32_gcc_release.a(tempcal.o)
                0x00008090                TEMPCAL_Init
 .text          0x000080d0      0x370 c:/siliconlabs/simplicitystudio/v3/developer/toolchains/gnu_arm/4.8_2013q4/bin/../lib/gcc/arm-none-eabi/4.8.3/armv7e-m/softfp\libgcc.a(_arm_addsubdf3.o)
                0x000080d0                __aeabi_drsub
                0x000080d8                __aeabi_dsub
                0x000080d8                __subdf3
                0x000080dc                __aeabi_dadd
                0x000080dc                __adddf3
                0x00008354                __floatunsidf
                0x00008354                __aeabi_ui2d
                0x00008374                __floatsidf
                0x00008374                __aeabi_i2d
                0x00008398                __aeabi_f2d
                0x00008398                __extendsfdf2
                0x000083d4                __floatundidf
                0x000083d4                __aeabi_ul2d
                0x000083e4                __floatdidf
                0x000083e4                __aeabi_l2d
 .text          0x00008440       0x38 c:/siliconlabs/simplicitystudio/v3/developer/toolchains/gnu_arm/4.8_2013q4/bin/../lib/gcc/arm-none-eabi/4.8.3/armv7e-m/softfp\libgcc.a(_aeabi_ldivmod.o)
                0x00008440                __aeabi_ldivmod
 .text          0x00008478       0x2c c:/siliconlabs/simplicitystudio/v3/developer/toolchains/gnu_arm/4.8_2013q4/bin/../lib/gcc/arm-none-eabi/4.8.3/armv7e-m/softfp\libgcc.a(_aeabi_uldivmod.o)
                0x00008478                __aeabi_uldivmod
 .text          0x000084a4       0x60 c:/siliconlabs/simplicitystudio/v3/developer/toolchains/gnu_arm/4.8_2013q4/bin/../lib/gcc/arm-none-eabi/4.8.3/armv7e-m/softfp\libgcc.a(bpabi.o)
                0x000084a4                __gnu_ldivmod_helper
                0x000084d4                __gnu_uldivmod_helper
 .text          0x00008504        0x4 c:/siliconlabs/simplicitystudio/v3/developer/toolchains/gnu_arm/4.8_2013q4/bin/../lib/gcc/arm-none-eabi/4.8.3/armv7e-m/softfp\libgcc.a(_dvmd_tls.o)
                0x00008504                __aeabi_idiv0
                0x00008504                __aeabi_ldiv0
 .text          0x00008508      0x298 c:/siliconlabs/simplicitystudio/v3/developer/toolchains/gnu_arm/4.8_2013q4/bin/../lib/gcc/arm-none-eabi/4.8.3/armv7e-m/softfp\libgcc.a(_divdi3.o)
                0x00008508                __divdi3
 .text          0x000087a0      0x284 c:/siliconlabs/simplicitystudio/v3/developer/toolchains/gnu_arm/4.8_2013q4/bin/../lib/gcc/arm-none-eabi/4.8.3/armv7e-m/softfp\libgcc.a(_udivdi3.o)
                0x000087a0                __udivdi3
 .text.exit     0x00008a24       0x28 c:/siliconlabs/simplicitystudio/v3/developer/toolchains/gnu_arm/4.8_2013q4/bin/../lib/gcc/arm-none-eabi/4.8.3/../../../../arm-none-eabi/lib/armv7e-m/softfp\libc_s.a(lib_a-exit.o)
                0x00008a24                exit
 .text.fileno   0x00008a4c       0x5c c:/siliconlabs/simplicitystudio/v3/developer/toolchains/gnu_arm/4.8_2013q4/bin/../lib/gcc/arm-none-eabi/4.8.3/../../../../arm-none-eabi/lib/armv7e-m/softfp\libc_s.a(lib_a-fileno.o)
                0x00008a4c                fileno
 .text._cleanup_r
                0x00008aa8       0x32 c:/siliconlabs/simplicitystudio/v3/developer/toolchains/gnu_arm/4.8_2013q4/bin/../lib/gcc/arm-none-eabi/4.8.3/../../../../arm-none-eabi/lib/armv7e-m/softfp\libc_s.a(lib_a-findfp.o)
                0x00008aa8                _cleanup_r
 *fill*         0x00008ada        0x2 
 .text.std.isra.0
                0x00008adc       0x48 c:/siliconlabs/simplicitystudio/v3/developer/toolchains/gnu_arm/4.8_2013q4/bin/../lib/gcc/arm-none-eabi/4.8.3/../../../../arm-none-eabi/lib/armv7e-m/softfp\libc_s.a(lib_a-findfp.o)
 .text.__sfmoreglue
                0x00008b24       0x2c c:/siliconlabs/simplicitystudio/v3/developer/toolchains/gnu_arm/4.8_2013q4/bin/../lib/gcc/arm-none-eabi/4.8.3/../../../../arm-none-eabi/lib/armv7e-m/softfp\libc_s.a(lib_a-findfp.o)
                0x00008b24                __sfmoreglue
 .text.__sinit  0x00008b50       0x60 c:/siliconlabs/simplicitystudio/v3/developer/toolchains/gnu_arm/4.8_2013q4/bin/../lib/gcc/arm-none-eabi/4.8.3/../../../../arm-none-eabi/lib/armv7e-m/softfp\libc_s.a(lib_a-findfp.o)
                0x00008b50                __sinit
 .text.__sfp    0x00008bb0       0x74 c:/siliconlabs/simplicitystudio/v3/developer/toolchains/gnu_arm/4.8_2013q4/bin/../lib/gcc/arm-none-eabi/4.8.3/../../../../arm-none-eabi/lib/armv7e-m/softfp\libc_s.a(lib_a-findfp.o)
                0x00008bb0                __sfp
 .text.__libc_init_array
                0x00008c24       0x4c c:/siliconlabs/simplicitystudio/v3/developer/toolchains/gnu_arm/4.8_2013q4/bin/../lib/gcc/arm-none-eabi/4.8.3/../../../../arm-none-eabi/lib/armv7e-m/softfp\libc_s.a(lib_a-init.o)
                0x00008c24                __libc_init_array
 .text.memcpy   0x00008c70       0x12 c:/siliconlabs/simplicitystudio/v3/developer/toolchains/gnu_arm/4.8_2013q4/bin/../lib/gcc/arm-none-eabi/4.8.3/../../../../arm-none-eabi/lib/armv7e-m/softfp\libc_s.a(lib_a-memcpy-stub.o)
                0x00008c70                memcpy
 .text.memmove  0x00008c82       0x36 c:/siliconlabs/simplicitystudio/v3/developer/toolchains/gnu_arm/4.8_2013q4/bin/../lib/gcc/arm-none-eabi/4.8.3/../../../../arm-none-eabi/lib/armv7e-m/softfp\libc_s.a(lib_a-memmove.o)
                0x00008c82                memmove
 .text.memset   0x00008cb8       0x10 c:/siliconlabs/simplicitystudio/v3/developer/toolchains/gnu_arm/4.8_2013q4/bin/../lib/gcc/arm-none-eabi/4.8.3/../../../../arm-none-eabi/lib/armv7e-m/softfp\libc_s.a(lib_a-memset.o)
                0x00008cb8                memset
 .text._malloc_r
                0x00008cc8       0xa8 c:/siliconlabs/simplicitystudio/v3/developer/toolchains/gnu_arm/4.8_2013q4/bin/../lib/gcc/arm-none-eabi/4.8.3/../../../../arm-none-eabi/lib/armv7e-m/softfp\libc_s.a(lib_a-nano-mallocr.o)
                0x00008cc8                _malloc_r
 .text._sbrk_r  0x00008d70       0x20 c:/siliconlabs/simplicitystudio/v3/developer/toolchains/gnu_arm/4.8_2013q4/bin/../lib/gcc/arm-none-eabi/4.8.3/../../../../arm-none-eabi/lib/armv7e-m/softfp\libc_s.a(lib_a-sbrkr.o)
                0x00008d70                _sbrk_r
 .text.setvbuf  0x00008d90      0x110 c:/siliconlabs/simplicitystudio/v3/developer/toolchains/gnu_arm/4.8_2013q4/bin/../lib/gcc/arm-none-eabi/4.8.3/../../../../arm-none-eabi/lib/armv7e-m/softfp\libc_s.a(lib_a-setvbuf.o)
                0x00008d90                setvbuf
 .text.sprintf  0x00008ea0       0x48 c:/siliconlabs/simplicitystudio/v3/developer/toolchains/gnu_arm/4.8_2013q4/bin/../lib/gcc/arm-none-eabi/4.8.3/../../../../arm-none-eabi/lib/armv7e-m/softfp\libc_s.a(lib_a-sprintf.o)
                0x00008ea0                siprintf
                0x00008ea0                sprintf
 .text.__sread  0x00008ee8       0x22 c:/siliconlabs/simplicitystudio/v3/developer/toolchains/gnu_arm/4.8_2013q4/bin/../lib/gcc/arm-none-eabi/4.8.3/../../../../arm-none-eabi/lib/armv7e-m/softfp\libc_s.a(lib_a-stdio.o)
                0x00008ee8                __sread
 .text.__swrite
                0x00008f0a       0x38 c:/siliconlabs/simplicitystudio/v3/developer/toolchains/gnu_arm/4.8_2013q4/bin/../lib/gcc/arm-none-eabi/4.8.3/../../../../arm-none-eabi/lib/armv7e-m/softfp\libc_s.a(lib_a-stdio.o)
                0x00008f0a                __swrite
 .text.__sseek  0x00008f42       0x24 c:/siliconlabs/simplicitystudio/v3/developer/toolchains/gnu_arm/4.8_2013q4/bin/../lib/gcc/arm-none-eabi/4.8.3/../../../../arm-none-eabi/lib/armv7e-m/softfp\libc_s.a(lib_a-stdio.o)
                0x00008f42                __sseek
 .text.__sclose
                0x00008f66        0x8 c:/siliconlabs/simplicitystudio/v3/developer/toolchains/gnu_arm/4.8_2013q4/bin/../lib/gcc/arm-none-eabi/4.8.3/../../../../arm-none-eabi/lib/armv7e-m/softfp\libc_s.a(lib_a-stdio.o)
                0x00008f66                __sclose
 .text.strlen   0x00008f6e       0x10 c:/siliconlabs/simplicitystudio/v3/developer/toolchains/gnu_arm/4.8_2013q4/bin/../lib/gcc/arm-none-eabi/4.8.3/../../../../arm-none-eabi/lib/armv7e-m/softfp\libc_s.a(lib_a-strlen.o)
                0x00008f6e                strlen
 .text.__ssputs_r
                0x00008f7e       0xb8 c:/siliconlabs/simplicitystudio/v3/developer/toolchains/gnu_arm/4.8_2013q4/bin/../lib/gcc/arm-none-eabi/4.8.3/../../../../arm-none-eabi/lib/armv7e-m/softfp\libc_s.a(lib_a-svfprintf.o)
                0x00008f7e                __ssputs_r
 *fill*         0x00009036        0x2 
 .text._svfprintf_r
                0x00009038      0x1dc c:/siliconlabs/simplicitystudio/v3/developer/toolchains/gnu_arm/4.8_2013q4/bin/../lib/gcc/arm-none-eabi/4.8.3/../../../../arm-none-eabi/lib/armv7e-m/softfp\libc_s.a(lib_a-svfprintf.o)
                0x00009038                _svfiprintf_r
                0x00009038                _svfprintf_r
 .text.__cvt    0x00009214       0xc0 c:/siliconlabs/simplicitystudio/v3/developer/toolchains/gnu_arm/4.8_2013q4/bin/../lib/gcc/arm-none-eabi/4.8.3/../../../../arm-none-eabi/lib/armv7e-m/softfp\libc_s.a(lib_a-vfprintf_float.o)
                0x00009214                __cvt
 .text.__exponent
                0x000092d4       0x66 c:/siliconlabs/simplicitystudio/v3/developer/toolchains/gnu_arm/4.8_2013q4/bin/../lib/gcc/arm-none-eabi/4.8.3/../../../../arm-none-eabi/lib/armv7e-m/softfp\libc_s.a(lib_a-vfprintf_float.o)
                0x000092d4                __exponent
 *fill*         0x0000933a        0x2 
 .text._printf_float
                0x0000933c      0x41c c:/siliconlabs/simplicitystudio/v3/developer/toolchains/gnu_arm/4.8_2013q4/bin/../lib/gcc/arm-none-eabi/4.8.3/../../../../arm-none-eabi/lib/armv7e-m/softfp\libc_s.a(lib_a-vfprintf_float.o)
                0x0000933c                _printf_float
 .text._printf_common
                0x00009758       0xe4 c:/siliconlabs/simplicitystudio/v3/developer/toolchains/gnu_arm/4.8_2013q4/bin/../lib/gcc/arm-none-eabi/4.8.3/../../../../arm-none-eabi/lib/armv7e-m/softfp\libc_s.a(lib_a-vfprintf_i.o)
                0x00009758                _printf_common
 .text._printf_i
                0x0000983c      0x228 c:/siliconlabs/simplicitystudio/v3/developer/toolchains/gnu_arm/4.8_2013q4/bin/../lib/gcc/arm-none-eabi/4.8.3/../../../../arm-none-eabi/lib/armv7e-m/softfp\libc_s.a(lib_a-vfprintf_i.o)
                0x0000983c                _printf_i
 .text._write_r
                0x00009a64       0x24 c:/siliconlabs/simplicitystudio/v3/developer/toolchains/gnu_arm/4.8_2013q4/bin/../lib/gcc/arm-none-eabi/4.8.3/../../../../arm-none-eabi/lib/armv7e-m/softfp\libc_s.a(lib_a-writer.o)